Archive member included to satisfy reference by file (symbol)

/home/gfunkmonk/.pebble-sdk/SDKs/current/sdk-core/pebble/aplite/lib/libpebble.a(tmp7jpKUopebble.o)
                              src/simply/simply_accel.c.42.o (accel_data_service_unsubscribe)
/home/gfunkmonk/pebble-dev/pebble-sdk-4.5-linux64/arm-cs-tools/bin/../lib/gcc/arm-none-eabi/7.4.1/libgcc.a(_aeabi_ldivmod.o)
                              src/simply/simply_menu.c.42.o (__aeabi_ldivmod)
/home/gfunkmonk/pebble-dev/pebble-sdk-4.5-linux64/arm-cs-tools/bin/../lib/gcc/arm-none-eabi/7.4.1/libgcc.a(_udivmoddi4.o)
                              /home/gfunkmonk/pebble-dev/pebble-sdk-4.5-linux64/arm-cs-tools/bin/../lib/gcc/arm-none-eabi/7.4.1/libgcc.a(_aeabi_ldivmod.o) (__udivmoddi4)
/home/gfunkmonk/pebble-dev/pebble-sdk-4.5-linux64/arm-cs-tools/bin/../lib/gcc/arm-none-eabi/7.4.1/libgcc.a(_dvmd_tls.o)
                              /home/gfunkmonk/pebble-dev/pebble-sdk-4.5-linux64/arm-cs-tools/bin/../lib/gcc/arm-none-eabi/7.4.1/libgcc.a(_aeabi_ldivmod.o) (__aeabi_ldiv0)
/home/gfunkmonk/pebble-dev/pebble-sdk-4.5-linux64/arm-cs-tools/bin/../lib/gcc/arm-none-eabi/7.4.1/../../../../arm-none-eabi/lib/libc.a(lib_a-atexit.o)
                              /home/gfunkmonk/pebble-dev/pebble-sdk-4.5-linux64/arm-cs-tools/bin/../lib/gcc/arm-none-eabi/7.4.1/../../../../arm-none-eabi/lib/crt0.o (atexit)
/home/gfunkmonk/pebble-dev/pebble-sdk-4.5-linux64/arm-cs-tools/bin/../lib/gcc/arm-none-eabi/7.4.1/../../../../arm-none-eabi/lib/libc.a(lib_a-exit.o)
                              /home/gfunkmonk/pebble-dev/pebble-sdk-4.5-linux64/arm-cs-tools/bin/../lib/gcc/arm-none-eabi/7.4.1/../../../../arm-none-eabi/lib/crt0.o (exit)
/home/gfunkmonk/pebble-dev/pebble-sdk-4.5-linux64/arm-cs-tools/bin/../lib/gcc/arm-none-eabi/7.4.1/../../../../arm-none-eabi/lib/libc.a(lib_a-fini.o)
                              /home/gfunkmonk/pebble-dev/pebble-sdk-4.5-linux64/arm-cs-tools/bin/../lib/gcc/arm-none-eabi/7.4.1/../../../../arm-none-eabi/lib/crt0.o (__libc_fini_array)
/home/gfunkmonk/pebble-dev/pebble-sdk-4.5-linux64/arm-cs-tools/bin/../lib/gcc/arm-none-eabi/7.4.1/../../../../arm-none-eabi/lib/libc.a(lib_a-impure.o)
                              /home/gfunkmonk/pebble-dev/pebble-sdk-4.5-linux64/arm-cs-tools/bin/../lib/gcc/arm-none-eabi/7.4.1/../../../../arm-none-eabi/lib/libc.a(lib_a-exit.o) (_global_impure_ptr)
/home/gfunkmonk/pebble-dev/pebble-sdk-4.5-linux64/arm-cs-tools/bin/../lib/gcc/arm-none-eabi/7.4.1/../../../../arm-none-eabi/lib/libc.a(lib_a-init.o)
                              /home/gfunkmonk/pebble-dev/pebble-sdk-4.5-linux64/arm-cs-tools/bin/../lib/gcc/arm-none-eabi/7.4.1/../../../../arm-none-eabi/lib/crt0.o (__libc_init_array)
/home/gfunkmonk/pebble-dev/pebble-sdk-4.5-linux64/arm-cs-tools/bin/../lib/gcc/arm-none-eabi/7.4.1/../../../../arm-none-eabi/lib/libc.a(lib_a-__atexit.o)
                              /home/gfunkmonk/pebble-dev/pebble-sdk-4.5-linux64/arm-cs-tools/bin/../lib/gcc/arm-none-eabi/7.4.1/../../../../arm-none-eabi/lib/libc.a(lib_a-atexit.o) (__register_exitproc)
/home/gfunkmonk/pebble-dev/pebble-sdk-4.5-linux64/arm-cs-tools/bin/../lib/gcc/arm-none-eabi/7.4.1/../../../../arm-none-eabi/lib/libc.a(lib_a-__call_atexit.o)
                              /home/gfunkmonk/pebble-dev/pebble-sdk-4.5-linux64/arm-cs-tools/bin/../lib/gcc/arm-none-eabi/7.4.1/../../../../arm-none-eabi/lib/libc.a(lib_a-exit.o) (__call_exitprocs)

Discarded input sections

 .text          0x0000000000000000        0x0 /home/gfunkmonk/pebble-dev/pebble-sdk-4.5-linux64/arm-cs-tools/bin/../lib/gcc/arm-none-eabi/7.4.1/crti.o
 .bss           0x0000000000000000        0x0 /home/gfunkmonk/pebble-dev/pebble-sdk-4.5-linux64/arm-cs-tools/bin/../lib/gcc/arm-none-eabi/7.4.1/crti.o
 .text          0x0000000000000000        0x0 /home/gfunkmonk/pebble-dev/pebble-sdk-4.5-linux64/arm-cs-tools/bin/../lib/gcc/arm-none-eabi/7.4.1/crtbegin.o
 .bss           0x0000000000000000        0x0 /home/gfunkmonk/pebble-dev/pebble-sdk-4.5-linux64/arm-cs-tools/bin/../lib/gcc/arm-none-eabi/7.4.1/crtbegin.o
 .init_array    0x0000000000000000        0x4 /home/gfunkmonk/pebble-dev/pebble-sdk-4.5-linux64/arm-cs-tools/bin/../lib/gcc/arm-none-eabi/7.4.1/crtbegin.o
 .fini_array    0x0000000000000000        0x4 /home/gfunkmonk/pebble-dev/pebble-sdk-4.5-linux64/arm-cs-tools/bin/../lib/gcc/arm-none-eabi/7.4.1/crtbegin.o
 .eh_frame      0x0000000000000000        0x0 /home/gfunkmonk/pebble-dev/pebble-sdk-4.5-linux64/arm-cs-tools/bin/../lib/gcc/arm-none-eabi/7.4.1/crtbegin.o
 .tm_clone_table
                0x0000000000000000        0x0 /home/gfunkmonk/pebble-dev/pebble-sdk-4.5-linux64/arm-cs-tools/bin/../lib/gcc/arm-none-eabi/7.4.1/crtbegin.o
 .text.deregister_tm_clones
                0x0000000000000000       0x1c /home/gfunkmonk/pebble-dev/pebble-sdk-4.5-linux64/arm-cs-tools/bin/../lib/gcc/arm-none-eabi/7.4.1/crtbegin.o
 .text.register_tm_clones
[...]
Memory Configuration

Name             Origin             Length             Attributes
APP              0x0000000000000000 0x0000000000006000 xrw
*default*        0x0000000000000000 0xffffffffffffffff

Linker script and memory map

LOAD /home/gfunkmonk/pebble-dev/pebble-sdk-4.5-linux64/arm-cs-tools/bin/../lib/gcc/arm-none-eabi/7.4.1/crti.o
LOAD /home/gfunkmonk/pebble-dev/pebble-sdk-4.5-linux64/arm-cs-tools/bin/../lib/gcc/arm-none-eabi/7.4.1/crtbegin.o
LOAD /home/gfunkmonk/pebble-dev/pebble-sdk-4.5-linux64/arm-cs-tools/bin/../lib/gcc/arm-none-eabi/7.4.1/../../../../arm-none-eabi/lib/crt0.o
LOAD src/main.c.42.o
LOAD src/simply/simply.c.42.o
LOAD src/simply/simply_accel.c.42.o
LOAD src/simply/simply_menu.c.42.o
LOAD src/simply/simply_msg.c.42.o
LOAD src/simply/simply_res.c.42.o
LOAD src/simply/simply_splash.c.42.o
LOAD src/simply/simply_stage.c.42.o
LOAD src/simply/simply_ui.c.42.o
LOAD src/simply/simply_voice.c.42.o
LOAD src/simply/simply_wakeup.c.42.o
LOAD src/simply/simply_window.c.42.o
LOAD src/simply/simply_window_stack.c.42.o
LOAD aplite/appinfo.auto.c.42.o
LOAD aplite/src/resource_ids.auto.c.42.o
LOAD /home/gfunkmonk/.pebble-sdk/SDKs/current/sdk-core/pebble/aplite/lib/libpebble.a
START GROUP
LOAD /home/gfunkmonk/pebble-dev/pebble-sdk-4.5-linux64/arm-cs-tools/bin/../lib/gcc/arm-none-eabi/7.4.1/libgcc.a
LOAD /home/gfunkmonk/pebble-dev/pebble-sdk-4.5-linux64/arm-cs-tools/bin/../lib/gcc/arm-none-eabi/7.4.1/../../../../arm-none-eabi/lib/libc.a
END GROUP
LOAD /home/gfunkmonk/pebble-dev/pebble-sdk-4.5-linux64/arm-cs-tools/bin/../lib/gcc/arm-none-eabi/7.4.1/crtend.o
LOAD /home/gfunkmonk/pebble-dev/pebble-sdk-4.5-linux64/arm-cs-tools/bin/../lib/gcc/arm-none-eabi/7.4.1/crtn.o

.header         0x0000000000000000       0x82
 *(.pbl_header)
 .pbl_header    0x0000000000000000       0x82 aplite/appinfo.auto.c.42.o
                0x0000000000000000                __pbl_app_info

.note.gnu.build-id
                0x0000000000000082       0x26
                [!provide]                        PROVIDE (BUILD_ID = .)
 *(.note.gnu.build-id)
 *fill*         0x0000000000000082        0x2 
 .note.gnu.build-id
                0x0000000000000084       0x24 linker stubs

.text           0x00000000000000a8     0x3a69
 *(.text)
 .text          0x00000000000000a8       0x14 /home/gfunkmonk/.pebble-sdk/SDKs/current/sdk-core/pebble/aplite/lib/libpebble.a(tmp7jpKUopebble.o)
 .text          0x00000000000000bc       0xa0 /home/gfunkmonk/pebble-dev/pebble-sdk-4.5-linux64/arm-cs-tools/bin/../lib/gcc/arm-none-eabi/7.4.1/libgcc.a(_aeabi_ldivmod.o)
                0x00000000000000bc                __aeabi_ldivmod
 .text          0x000000000000015c        0x4 /home/gfunkmonk/pebble-dev/pebble-sdk-4.5-linux64/arm-cs-tools/bin/../lib/gcc/arm-none-eabi/7.4.1/libgcc.a(_dvmd_tls.o)
                0x000000000000015c                __aeabi_ldiv0
                0x000000000000015c                __aeabi_idiv0
 *(.text.*)
 .text.startup.main
                0x0000000000000160       0x16 src/main.c.42.o
                0x0000000000000160                main
 .text.simply_init
                0x0000000000000176       0x60 src/simply/simply.c.42.o
                0x0000000000000176                simply_init
 .text.simply_deinit
                0x00000000000001d6       0x38 src/simply/simply.c.42.o
                0x00000000000001d6                simply_deinit
 *fill*         0x000000000000020e        0x2 
 .text.handle_accel_tap
                0x0000000000000210       0x20 src/simply/simply_accel.c.42.o
 .text.send_accel_data.isra.1
                0x0000000000000230       0x4a src/simply/simply_accel.c.42.o
 .text.handle_accel_data
                0x000000000000027a        0x6 src/simply/simply_accel.c.42.o
 .text.accel_peek_timer_callback
                0x0000000000000280       0x48 src/simply/simply_accel.c.42.o
 .text.simply_accel_handle_packet
                0x00000000000002c8       0x68 src/simply/simply_accel.c.42.o
                0x00000000000002c8                simply_accel_handle_packet
 .text.simply_accel_create
                0x0000000000000330       0x38 src/simply/simply_accel.c.42.o
                0x0000000000000330                simply_accel_create
 .text.simply_accel_destroy
                0x0000000000000368       0x20 src/simply/simply_accel.c.42.o
                0x0000000000000368                simply_accel_destroy
 .text.list1_remove
                0x0000000000000388       0x36 src/simply/simply_menu.c.42.o
 .text.prv_menu_get_num_sections_callback
                0x00000000000003be        0x4 src/simply/simply_menu.c.42.o
 *fill*         0x00000000000003c2        0x2 
 .text.prv_free_title
                0x00000000000003c4       0x20 src/simply/simply_menu.c.42.o
 .text.strdup2  0x00000000000003e4       0x30 src/simply/simply_menu.c.42.o
 .text.prv_menu_window_unload
                0x0000000000000414       0x1c src/simply/simply_menu.c.42.o
 .text.prv_menu_window_appear
                0x0000000000000430        0xe src/simply/simply_menu.c.42.o
 *fill*         0x000000000000043e        0x2 
 .text.prv_click_config_provider
                0x0000000000000440       0x24 src/simply/simply_menu.c.42.o
 .text.prv_single_click_handler
                0x0000000000000464       0x1a src/simply/simply_menu.c.42.o
 .text.gpoint_polar
                0x000000000000047e       0x34 src/simply/simply_menu.c.42.o
 .text.prv_destroy_item.part.6
                0x00000000000004b2       0x24 src/simply/simply_menu.c.42.o
 *fill*         0x00000000000004d6        0x2 
 .text.prv_menu_window_load
                0x00000000000004d8       0xe8 src/simply/simply_menu.c.42.o
 .text.prv_get_menu_section.isra.1
                0x00000000000005c0       0x10 src/simply/simply_menu.c.42.o
 .text.prv_menu_get_num_rows_callback
                0x00000000000005d0       0x12 src/simply/simply_menu.c.42.o
 *fill*         0x00000000000005e2        0x2 
 .text.prv_menu_get_header_height_callback
                0x00000000000005e4       0x20 src/simply/simply_menu.c.42.o
 .text.refresh_spinner_timer
                0x0000000000000604       0x2c src/simply/simply_menu.c.42.o
 .text.prv_menu_select_click_callback
                0x0000000000000630       0x24 src/simply/simply_menu.c.42.o
 .text.prv_menu_select_long_click_callback
                0x0000000000000654       0x24 src/simply/simply_menu.c.42.o
 .text.simply_menu_clear
                0x0000000000000678       0x3e src/simply/simply_menu.c.42.o
 .text.prv_menu_window_disappear
                0x00000000000006b6       0x22 src/simply/simply_menu.c.42.o
 .text.spinner_timer_callback
                0x00000000000006d8       0x1e src/simply/simply_menu.c.42.o
 .text.prv_add_section
                0x00000000000006f6       0x6e src/simply/simply_menu.c.42.o
 .text.prv_request_menu_section
                0x0000000000000764       0x44 src/simply/simply_menu.c.42.o
 .text.prv_menu_draw_header_callback
                0x00000000000007a8       0xb0 src/simply/simply_menu.c.42.o
 .text.prv_add_item
                0x0000000000000858       0x58 src/simply/simply_menu.c.42.o
 .text.prv_menu_draw_row_callback
                0x00000000000008b0      0x23c src/simply/simply_menu.c.42.o
 .text.simply_menu_handle_packet
                0x0000000000000aec      0x1c4 src/simply/simply_menu.c.42.o
                0x0000000000000aec                simply_menu_handle_packet
 .text.simply_menu_create
                0x0000000000000cb0       0x3c src/simply/simply_menu.c.42.o
                0x0000000000000cb0                simply_menu_create
 .text.simply_menu_destroy
                0x0000000000000cec       0x16 src/simply/simply_menu.c.42.o
                0x0000000000000cec                simply_menu_destroy
 .text.list1_remove
                0x0000000000000d02       0x32 src/simply/simply_msg.c.42.o
 .text.dropped_callback
                0x0000000000000d34        0x2 src/simply/simply_msg.c.42.o
 .text.sent_callback
                0x0000000000000d36        0x2 src/simply/simply_msg.c.42.o
 .text.send_msg
                0x0000000000000d38       0x32 src/simply/simply_msg.c.42.o
 *fill*         0x0000000000000d6a        0x2 
 .text.send_msg_retry
                0x0000000000000d6c       0xa8 src/simply/simply_msg.c.42.o
 .text.handle_packet
                0x0000000000000e14      0x180 src/simply/simply_msg.c.42.o
 .text.received_callback
                0x0000000000000f94       0x38 src/simply/simply_msg.c.42.o
 .text.simply_msg_has_communicated
                0x0000000000000fcc        0xc src/simply/simply_msg.c.42.o
                0x0000000000000fcc                simply_msg_has_communicated
 .text.simply_msg_show_disconnected
                0x0000000000000fd8       0x58 src/simply/simply_msg.c.42.o
                0x0000000000000fd8                simply_msg_show_disconnected
 .text.failed_callback
                0x0000000000001030       0x18 src/simply/simply_msg.c.42.o
 .text.simply_msg_create
                0x0000000000001048       0x6c src/simply/simply_msg.c.42.o
                0x0000000000001048                simply_msg_create
 .text.simply_msg_destroy
                0x00000000000010b4       0x1c src/simply/simply_msg.c.42.o
                0x00000000000010b4                simply_msg_destroy
 .text.simply_msg_send
                0x00000000000010d0        0x4 src/simply/simply_msg.c.42.o
                0x00000000000010d0                simply_msg_send
 .text.simply_msg_send_packet
                0x00000000000010d4       0x7c src/simply/simply_msg.c.42.o
                0x00000000000010d4                simply_msg_send_packet
 .text.list1_remove
                0x0000000000001150       0x36 src/simply/simply_res.c.42.o
 .text.create_bitmap_with_id
                0x0000000000001186       0x12 src/simply/simply_res.c.42.o
 .text.malloc0  0x0000000000001198       0x18 src/simply/simply_res.c.42.o
 .text.setup_image
                0x00000000000011b0       0x6e src/simply/simply_res.c.42.o
 .text.window_stack_schedule_top_window_render
                0x000000000000121e       0x12 src/simply/simply_res.c.42.o
 .text.create_bitmap_with_png_data
                0x0000000000001230        0xc src/simply/simply_res.c.42.o
 .text.destroy_image.part.0
                0x000000000000123c       0x1e src/simply/simply_res.c.42.o
 .text.simply_res_evict_image
                0x000000000000125a       0x1a src/simply/simply_res.c.42.o
                0x000000000000125a                simply_res_evict_image
 .text.create_image
                0x0000000000001274       0x46 src/simply/simply_res.c.42.o
 *fill*         0x00000000000012ba        0x2 
 .text.simply_res_add_bundled_image
                0x00000000000012bc       0x28 src/simply/simply_res.c.42.o
                0x00000000000012bc                simply_res_add_bundled_image
 .text.simply_res_add_image
                0x00000000000012e4       0x60 src/simply/simply_res.c.42.o
                0x00000000000012e4                simply_res_add_image
 .text.simply_res_auto_image
                0x0000000000001344       0x3a src/simply/simply_res.c.42.o
                0x0000000000001344                simply_res_auto_image
 .text.simply_res_add_custom_font
                0x000000000000137e       0x42 src/simply/simply_res.c.42.o
                0x000000000000137e                simply_res_add_custom_font
 .text.simply_res_auto_font
                0x00000000000013c0       0x26 src/simply/simply_res.c.42.o
                0x00000000000013c0                simply_res_auto_font
 .text.simply_res_clear
                0x00000000000013e6       0x42 src/simply/simply_res.c.42.o
                0x00000000000013e6                simply_res_clear
 .text.simply_res_create
                0x0000000000001428       0x26 src/simply/simply_res.c.42.o
                0x0000000000001428                simply_res_create
 .text.simply_res_destroy
                0x000000000000144e       0x12 src/simply/simply_res.c.42.o
                0x000000000000144e                simply_res_destroy
 .text.layer_update_callback
                0x0000000000001460       0x28 src/simply/simply_splash.c.42.o
                0x0000000000001460                layer_update_callback
 .text.window_load
                0x0000000000001488       0x12 src/simply/simply_splash.c.42.o
 *fill*         0x000000000000149a        0x2 
 .text.simply_splash_create
                0x000000000000149c       0x68 src/simply/simply_splash.c.42.o
                0x000000000000149c                simply_splash_create
 .text.simply_splash_destroy
                0x0000000000001504       0x20 src/simply/simply_splash.c.42.o
                0x0000000000001504                simply_splash_destroy
 .text.window_disappear
                0x0000000000001524       0x1a src/simply/simply_splash.c.42.o
 .text.list1_remove
                0x000000000000153e       0x36 src/simply/simply_stage.c.42.o
 .text.element_frame_getter
                0x0000000000001574       0x10 src/simply/simply_stage.c.42.o
 .text.handle_tick
                0x0000000000001584       0x12 src/simply/simply_stage.c.42.o
 .text.simply_stage_remove_element
                0x0000000000001596       0x24 src/simply/simply_stage.c.42.o
 .text.window_unload
                0x00000000000015ba       0x1e src/simply/simply_stage.c.42.o
 .text.window_load
                0x00000000000015d8       0x6c src/simply/simply_stage.c.42.o
 .text.simply_stage_update_ticker.isra.1
                0x0000000000001644       0x2c src/simply/simply_stage.c.42.o
 .text.window_appear
                0x0000000000001670       0x16 src/simply/simply_stage.c.42.o
 .text.simply_stage_update.isra.3
                0x0000000000001686        0x8 src/simply/simply_stage.c.42.o
 .text.simply_stage_set_element_frame.isra.11
                0x000000000000168e       0x3c src/simply/simply_stage.c.42.o
 .text.element_frame_setter
                0x00000000000016ca       0x22 src/simply/simply_stage.c.42.o
 .text.prv_draw_line_polar.constprop.27
                0x00000000000016ec       0x30 src/simply/simply_stage.c.42.o
 .text.animation_stopped
                0x000000000000171c       0x40 src/simply/simply_stage.c.42.o
 .text.simply_stage_auto_element
                0x000000000000175c       0x7c src/simply/simply_stage.c.42.o
 .text.simply_stage_clear
                0x00000000000017d8       0x62 src/simply/simply_stage.c.42.o
 .text.window_disappear
                0x000000000000183a       0x22 src/simply/simply_stage.c.42.o
 .text.rect_element_draw.isra.21
                0x000000000000185c       0x42 src/simply/simply_stage.c.42.o
 *fill*         0x000000000000189e        0x2 
 .text.layer_update_callback
                0x00000000000018a0      0x374 src/simply/simply_stage.c.42.o
 .text.simply_stage_handle_packet
                0x0000000000001c14      0x2e0 src/simply/simply_stage.c.42.o
                0x0000000000001c14                simply_stage_handle_packet
 .text.simply_stage_create
                0x0000000000001ef4       0x38 src/simply/simply_stage.c.42.o
                0x0000000000001ef4                simply_stage_create
 .text.simply_stage_destroy
                0x0000000000001f2c       0x16 src/simply/simply_stage.c.42.o
                0x0000000000001f2c                simply_stage_destroy
 .text.is_string
                0x0000000000001f42        0xc src/simply/simply_ui.c.42.o
 .text.window_unload
                0x0000000000001f4e       0x1e src/simply/simply_ui.c.42.o
 .text.window_disappear
                0x0000000000001f6c       0x1c src/simply/simply_ui.c.42.o
 .text.window_appear
                0x0000000000001f88        0xe src/simply/simply_ui.c.42.o
 .text.graphics_draw_bitmap_centered
                0x0000000000001f96       0x64 src/simply/simply_ui.c.42.o
 *fill*         0x0000000000001ffa        0x2 
 .text.layer_update_callback
                0x0000000000001ffc      0x500 src/simply/simply_ui.c.42.o
 .text.mark_dirty.isra.1
                0x00000000000024fc        0x8 src/simply/simply_ui.c.42.o
 .text.show_welcome_text
                0x0000000000002504       0x18 src/simply/simply_ui.c.42.o
 .text.simply_ui_set_style
                0x000000000000251c       0x3c src/simply/simply_ui.c.42.o
                0x000000000000251c                simply_ui_set_style
 .text.window_load
                0x0000000000002558       0x6c src/simply/simply_ui.c.42.o
 .text.simply_ui_set_text
                0x00000000000025c4       0x6a src/simply/simply_ui.c.42.o
                0x00000000000025c4                simply_ui_set_text
 .text.simply_ui_clear
                0x000000000000262e       0x52 src/simply/simply_ui.c.42.o
                0x000000000000262e                simply_ui_clear
 .text.simply_ui_handle_packet
                0x0000000000002680       0x76 src/simply/simply_ui.c.42.o
                0x0000000000002680                simply_ui_handle_packet
 *fill*         0x00000000000026f6        0x2 
 .text.simply_ui_create
                0x00000000000026f8       0x48 src/simply/simply_ui.c.42.o
                0x00000000000026f8                simply_ui_create
 .text.simply_ui_destroy
                0x0000000000002740       0x2a src/simply/simply_ui.c.42.o
                0x0000000000002740                simply_ui_destroy
 *fill*         0x000000000000276a        0x2 
 .text.wakeup_set_timer_callback
                0x000000000000276c       0x20 src/simply/simply_wakeup.c.42.o
 .text.wakeup_handler
                0x000000000000278c       0x1c src/simply/simply_wakeup.c.42.o
 .text.simply_wakeup_handle_packet
                0x00000000000027a8       0xa8 src/simply/simply_wakeup.c.42.o
                0x00000000000027a8                simply_wakeup_handle_packet
 .text.simply_wakeup_init
                0x0000000000002850        0xc src/simply/simply_wakeup.c.42.o
                0x0000000000002850                simply_wakeup_init
 .text.click_config_provider
                0x000000000000285c       0x80 src/simply/simply_window.c.42.o
 .text.prv_update_layer_placement
                0x00000000000028dc       0xb0 src/simply/simply_window.c.42.o
 .text.simply_window_single_click_handler
                0x000000000000298c       0x50 src/simply/simply_window.c.42.o
                0x000000000000298c                simply_window_single_click_handler
 .text.prv_set_scroll_layer_click_config
                0x00000000000029dc       0x38 src/simply/simply_window.c.42.o
 .text.long_click_handler
                0x0000000000002a14       0x30 src/simply/simply_window.c.42.o
 .text.simply_window_set_scrollable
                0x0000000000002a44       0x7a src/simply/simply_window.c.42.o
                0x0000000000002a44                simply_window_set_scrollable
 .text.simply_window_set_status_bar
                0x0000000000002abe       0x46 src/simply/simply_window.c.42.o
                0x0000000000002abe                simply_window_set_status_bar
 .text.simply_window_set_background_color
                0x0000000000002b04        0xa src/simply/simply_window.c.42.o
                0x0000000000002b04                simply_window_set_background_color
 .text.simply_window_set_status_bar_colors
                0x0000000000002b0e        0xa src/simply/simply_window.c.42.o
                0x0000000000002b0e                simply_window_set_status_bar_colors
 .text.simply_window_set_status_bar_separator_mode
                0x0000000000002b18        0xa src/simply/simply_window.c.42.o
                0x0000000000002b18                simply_window_set_status_bar_separator_mode
 *fill*         0x0000000000002b22        0x2 
 .text.simply_window_set_action_bar
                0x0000000000002b24       0x50 src/simply/simply_window.c.42.o
                0x0000000000002b24                simply_window_set_action_bar
 .text.simply_window_set_action_bar_icon
                0x0000000000002b74       0x54 src/simply/simply_window.c.42.o
                0x0000000000002b74                simply_window_set_action_bar_icon
 .text.simply_window_set_action_bar_background_color
                0x0000000000002bc8       0x38 src/simply/simply_window.c.42.o
                0x0000000000002bc8                simply_window_set_action_bar_background_color
 .text.simply_window_action_bar_clear
                0x0000000000002c00       0x2c src/simply/simply_window.c.42.o
                0x0000000000002c00                simply_window_action_bar_clear
 .text.simply_window_preload
                0x0000000000002c2c       0x32 src/simply/simply_window.c.42.o
                0x0000000000002c2c                simply_window_preload
 *fill*         0x0000000000002c5e        0x2 
 .text.simply_window_load
                0x0000000000002c60       0x8c src/simply/simply_window.c.42.o
                0x0000000000002c60                simply_window_load
 .text.simply_window_appear
                0x0000000000002cec       0x22 src/simply/simply_window.c.42.o
                0x0000000000002cec                simply_window_appear
 .text.simply_window_disappear
                0x0000000000002d0e       0x22 src/simply/simply_window.c.42.o
                0x0000000000002d0e                simply_window_disappear
 .text.simply_window_unload
                0x0000000000002d30       0x32 src/simply/simply_window.c.42.o
                0x0000000000002d30                simply_window_unload
 .text.simply_window_handle_packet
                0x0000000000002d62       0xc4 src/simply/simply_window.c.42.o
                0x0000000000002d62                simply_window_handle_packet
 .text.simply_window_init
                0x0000000000002e26       0x26 src/simply/simply_window.c.42.o
                0x0000000000002e26                simply_window_init
 .text.simply_window_deinit
                0x0000000000002e4c       0x12 src/simply/simply_window.c.42.o
                0x0000000000002e4c                simply_window_deinit
 .text.show_window_sdk_3.isra.0
                0x0000000000002e5e       0x4e src/simply/simply_window_stack.c.42.o
 .text.simply_window_stack_set_broadcast
                0x0000000000002eac       0x10 src/simply/simply_window_stack.c.42.o
                0x0000000000002eac                simply_window_stack_set_broadcast
 .text.simply_window_stack_get_top_window
                0x0000000000002ebc       0x1a src/simply/simply_window_stack.c.42.o
                0x0000000000002ebc                simply_window_stack_get_top_window
 .text.simply_window_stack_show
                0x0000000000002ed6        0x4 src/simply/simply_window_stack.c.42.o
                0x0000000000002ed6                simply_window_stack_show
 .text.simply_window_stack_pop
                0x0000000000002eda       0x26 src/simply/simply_window_stack.c.42.o
                0x0000000000002eda                simply_window_stack_pop
 .text.simply_window_stack_send_show
                0x0000000000002f00       0x30 src/simply/simply_window_stack.c.42.o
                0x0000000000002f00                simply_window_stack_send_show
 .text.simply_window_stack_send_hide
                0x0000000000002f30       0x30 src/simply/simply_window_stack.c.42.o
                0x0000000000002f30                simply_window_stack_send_hide
 .text.simply_window_stack_back
                0x0000000000002f60       0x1a src/simply/simply_window_stack.c.42.o
                0x0000000000002f60                simply_window_stack_back
 .text.simply_window_stack_handle_packet
                0x0000000000002f7a       0x46 src/simply/simply_window_stack.c.42.o
                0x0000000000002f7a                simply_window_stack_handle_packet
 .text.simply_window_stack_create
                0x0000000000002fc0       0x12 src/simply/simply_window_stack.c.42.o
                0x0000000000002fc0                simply_window_stack_create
 .text.simply_window_stack_destroy
                0x0000000000002fd2        0x8 src/simply/simply_window_stack.c.42.o
                0x0000000000002fd2                simply_window_stack_destroy
 *fill*         0x0000000000002fda        0x2 
 .text.accel_data_service_unsubscribe
                0x0000000000002fdc        0xc /home/gfunkmonk/.pebble-sdk/SDKs/current/sdk-core/pebble/aplite/lib/libpebble.a(tmp7jpKUopebble.o)
                0x0000000000002fdc                accel_data_service_unsubscribe
 .text.accel_service_peek
                0x0000000000002fe8        0xc /home/gfunkmonk/.pebble-sdk/SDKs/current/sdk-core/pebble/aplite/lib/libpebble.a(tmp7jpKUopebble.o)
                0x0000000000002fe8                accel_service_peek
 .text.accel_service_set_sampling_rate
                0x0000000000002ff4        0xc /home/gfunkmonk/.pebble-sdk/SDKs/current/sdk-core/pebble/aplite/lib/libpebble.a(tmp7jpKUopebble.o)
                0x0000000000002ff4                accel_service_set_sampling_rate
 .text.accel_tap_service_subscribe
                0x0000000000003000        0xc /home/gfunkmonk/.pebble-sdk/SDKs/current/sdk-core/pebble/aplite/lib/libpebble.a(tmp7jpKUopebble.o)
                0x0000000000003000                accel_tap_service_subscribe
 .text.accel_tap_service_unsubscribe
                0x000000000000300c        0xc /home/gfunkmonk/.pebble-sdk/SDKs/current/sdk-core/pebble/aplite/lib/libpebble.a(tmp7jpKUopebble.o)
                0x000000000000300c                accel_tap_service_unsubscribe
 .text.app_event_loop
                0x0000000000003018        0xc /home/gfunkmonk/.pebble-sdk/SDKs/current/sdk-core/pebble/aplite/lib/libpebble.a(tmp7jpKUopebble.o)
                0x0000000000003018                app_event_loop
 .text.app_message_deregister_callbacks
                0x0000000000003024        0xc /home/gfunkmonk/.pebble-sdk/SDKs/current/sdk-core/pebble/aplite/lib/libpebble.a(tmp7jpKUopebble.o)
                0x0000000000003024                app_message_deregister_callbacks
 .text.app_message_open
                0x0000000000003030        0xc /home/gfunkmonk/.pebble-sdk/SDKs/current/sdk-core/pebble/aplite/lib/libpebble.a(tmp7jpKUopebble.o)
                0x0000000000003030                app_message_open
 .text.app_timer_cancel
                0x000000000000303c        0xc /home/gfunkmonk/.pebble-sdk/SDKs/current/sdk-core/pebble/aplite/lib/libpebble.a(tmp7jpKUopebble.o)
                0x000000000000303c                app_timer_cancel
 .text.app_timer_register
                0x0000000000003048        0xc /home/gfunkmonk/.pebble-sdk/SDKs/current/sdk-core/pebble/aplite/lib/libpebble.a(tmp7jpKUopebble.o)
                0x0000000000003048                app_timer_register
 .text.click_recognizer_get_button_id
                0x0000000000003054        0xc /home/gfunkmonk/.pebble-sdk/SDKs/current/sdk-core/pebble/aplite/lib/libpebble.a(tmp7jpKUopebble.o)
                0x0000000000003054                click_recognizer_get_button_id
 .text.cos_lookup
                0x0000000000003060        0xc /home/gfunkmonk/.pebble-sdk/SDKs/current/sdk-core/pebble/aplite/lib/libpebble.a(tmp7jpKUopebble.o)
                0x0000000000003060                cos_lookup
 .text.dict_find
                0x000000000000306c        0xc /home/gfunkmonk/.pebble-sdk/SDKs/current/sdk-core/pebble/aplite/lib/libpebble.a(tmp7jpKUopebble.o)
                0x000000000000306c                dict_find
 .text.dict_write_data
                0x0000000000003078        0xc /home/gfunkmonk/.pebble-sdk/SDKs/current/sdk-core/pebble/aplite/lib/libpebble.a(tmp7jpKUopebble.o)
                0x0000000000003078                dict_write_data
 .text.fonts_get_system_font
                0x0000000000003084        0xc /home/gfunkmonk/.pebble-sdk/SDKs/current/sdk-core/pebble/aplite/lib/libpebble.a(tmp7jpKUopebble.o)
                0x0000000000003084                fonts_get_system_font
 .text.fonts_load_custom_font
                0x0000000000003090        0xc /home/gfunkmonk/.pebble-sdk/SDKs/current/sdk-core/pebble/aplite/lib/libpebble.a(tmp7jpKUopebble.o)
                0x0000000000003090                fonts_load_custom_font
 .text.fonts_unload_custom_font
                0x000000000000309c        0xc /home/gfunkmonk/.pebble-sdk/SDKs/current/sdk-core/pebble/aplite/lib/libpebble.a(tmp7jpKUopebble.o)
                0x000000000000309c                fonts_unload_custom_font
 .text.free     0x00000000000030a8        0xc /home/gfunkmonk/.pebble-sdk/SDKs/current/sdk-core/pebble/aplite/lib/libpebble.a(tmp7jpKUopebble.o)
                0x00000000000030a8                free
 .text.gbitmap_create_with_resource
                0x00000000000030b4        0xc /home/gfunkmonk/.pebble-sdk/SDKs/current/sdk-core/pebble/aplite/lib/libpebble.a(tmp7jpKUopebble.o)
                0x00000000000030b4                gbitmap_create_with_resource
 .text.gbitmap_destroy
                0x00000000000030c0        0xc /home/gfunkmonk/.pebble-sdk/SDKs/current/sdk-core/pebble/aplite/lib/libpebble.a(tmp7jpKUopebble.o)
                0x00000000000030c0                gbitmap_destroy
 .text.graphics_context_set_compositing_mode
                0x00000000000030cc        0xc /home/gfunkmonk/.pebble-sdk/SDKs/current/sdk-core/pebble/aplite/lib/libpebble.a(tmp7jpKUopebble.o)
                0x00000000000030cc                graphics_context_set_compositing_mode
 .text.graphics_draw_bitmap_in_rect
                0x00000000000030d8        0xc /home/gfunkmonk/.pebble-sdk/SDKs/current/sdk-core/pebble/aplite/lib/libpebble.a(tmp7jpKUopebble.o)
                0x00000000000030d8                graphics_draw_bitmap_in_rect
 .text.graphics_draw_circle
                0x00000000000030e4        0xc /home/gfunkmonk/.pebble-sdk/SDKs/current/sdk-core/pebble/aplite/lib/libpebble.a(tmp7jpKUopebble.o)
                0x00000000000030e4                graphics_draw_circle
 .text.graphics_draw_line
                0x00000000000030f0        0xc /home/gfunkmonk/.pebble-sdk/SDKs/current/sdk-core/pebble/aplite/lib/libpebble.a(tmp7jpKUopebble.o)
                0x00000000000030f0                graphics_draw_line
 .text.graphics_draw_round_rect
                0x00000000000030fc        0xc /home/gfunkmonk/.pebble-sdk/SDKs/current/sdk-core/pebble/aplite/lib/libpebble.a(tmp7jpKUopebble.o)
                0x00000000000030fc                graphics_draw_round_rect
 .text.graphics_fill_circle
                0x0000000000003108        0xc /home/gfunkmonk/.pebble-sdk/SDKs/current/sdk-core/pebble/aplite/lib/libpebble.a(tmp7jpKUopebble.o)
                0x0000000000003108                graphics_fill_circle
 .text.graphics_fill_rect
                0x0000000000003114        0xc /home/gfunkmonk/.pebble-sdk/SDKs/current/sdk-core/pebble/aplite/lib/libpebble.a(tmp7jpKUopebble.o)
                0x0000000000003114                graphics_fill_rect
 .text.grect_center_point
                0x0000000000003120        0xc /home/gfunkmonk/.pebble-sdk/SDKs/current/sdk-core/pebble/aplite/lib/libpebble.a(tmp7jpKUopebble.o)
                0x0000000000003120                grect_center_point
 .text.grect_standardize
                0x000000000000312c        0xc /home/gfunkmonk/.pebble-sdk/SDKs/current/sdk-core/pebble/aplite/lib/libpebble.a(tmp7jpKUopebble.o)
                0x000000000000312c                grect_standardize
 .text.gsize_equal
                0x0000000000003138        0xc /home/gfunkmonk/.pebble-sdk/SDKs/current/sdk-core/pebble/aplite/lib/libpebble.a(tmp7jpKUopebble.o)
                0x0000000000003138                gsize_equal
 .text.inverter_layer_create
                0x0000000000003144        0xc /home/gfunkmonk/.pebble-sdk/SDKs/current/sdk-core/pebble/aplite/lib/libpebble.a(tmp7jpKUopebble.o)
                0x0000000000003144                inverter_layer_create
 .text.inverter_layer_destroy
                0x0000000000003150        0xc /home/gfunkmonk/.pebble-sdk/SDKs/current/sdk-core/pebble/aplite/lib/libpebble.a(tmp7jpKUopebble.o)
                0x0000000000003150                inverter_layer_destroy
 .text.inverter_layer_get_layer
                0x000000000000315c        0xc /home/gfunkmonk/.pebble-sdk/SDKs/current/sdk-core/pebble/aplite/lib/libpebble.a(tmp7jpKUopebble.o)
                0x000000000000315c                inverter_layer_get_layer
 .text.layer_add_child
                0x0000000000003168        0xc /home/gfunkmonk/.pebble-sdk/SDKs/current/sdk-core/pebble/aplite/lib/libpebble.a(tmp7jpKUopebble.o)
                0x0000000000003168                layer_add_child
 .text.layer_create_with_data
                0x0000000000003174        0xc /home/gfunkmonk/.pebble-sdk/SDKs/current/sdk-core/pebble/aplite/lib/libpebble.a(tmp7jpKUopebble.o)
                0x0000000000003174                layer_create_with_data
 .text.layer_destroy
                0x0000000000003180        0xc /home/gfunkmonk/.pebble-sdk/SDKs/current/sdk-core/pebble/aplite/lib/libpebble.a(tmp7jpKUopebble.o)
                0x0000000000003180                layer_destroy
 .text.layer_get_bounds
                0x000000000000318c        0xc /home/gfunkmonk/.pebble-sdk/SDKs/current/sdk-core/pebble/aplite/lib/libpebble.a(tmp7jpKUopebble.o)
                0x000000000000318c                layer_get_bounds
 .text.layer_get_data
                0x0000000000003198        0xc /home/gfunkmonk/.pebble-sdk/SDKs/current/sdk-core/pebble/aplite/lib/libpebble.a(tmp7jpKUopebble.o)
                0x0000000000003198                layer_get_data
 .text.layer_get_frame
                0x00000000000031a4        0xc /home/gfunkmonk/.pebble-sdk/SDKs/current/sdk-core/pebble/aplite/lib/libpebble.a(tmp7jpKUopebble.o)
                0x00000000000031a4                layer_get_frame
 .text.layer_get_window
                0x00000000000031b0        0xc /home/gfunkmonk/.pebble-sdk/SDKs/current/sdk-core/pebble/aplite/lib/libpebble.a(tmp7jpKUopebble.o)
                0x00000000000031b0                layer_get_window
 .text.layer_mark_dirty
                0x00000000000031bc        0xc /home/gfunkmonk/.pebble-sdk/SDKs/current/sdk-core/pebble/aplite/lib/libpebble.a(tmp7jpKUopebble.o)
                0x00000000000031bc                layer_mark_dirty
 .text.layer_remove_from_parent
                0x00000000000031c8        0xc /home/gfunkmonk/.pebble-sdk/SDKs/current/sdk-core/pebble/aplite/lib/libpebble.a(tmp7jpKUopebble.o)
                0x00000000000031c8                layer_remove_from_parent
 .text.layer_set_frame
                0x00000000000031d4        0xc /home/gfunkmonk/.pebble-sdk/SDKs/current/sdk-core/pebble/aplite/lib/libpebble.a(tmp7jpKUopebble.o)
                0x00000000000031d4                layer_set_frame
 .text.layer_set_update_proc
                0x00000000000031e0        0xc /home/gfunkmonk/.pebble-sdk/SDKs/current/sdk-core/pebble/aplite/lib/libpebble.a(tmp7jpKUopebble.o)
                0x00000000000031e0                layer_set_update_proc
 .text.light_enable
                0x00000000000031ec        0xc /home/gfunkmonk/.pebble-sdk/SDKs/current/sdk-core/pebble/aplite/lib/libpebble.a(tmp7jpKUopebble.o)
                0x00000000000031ec                light_enable
 .text.light_enable_interaction
                0x00000000000031f8        0xc /home/gfunkmonk/.pebble-sdk/SDKs/current/sdk-core/pebble/aplite/lib/libpebble.a(tmp7jpKUopebble.o)
                0x00000000000031f8                light_enable_interaction
 .text.malloc   0x0000000000003204        0xc /home/gfunkmonk/.pebble-sdk/SDKs/current/sdk-core/pebble/aplite/lib/libpebble.a(tmp7jpKUopebble.o)
                0x0000000000003204                malloc
 .text.memcpy   0x0000000000003210        0xc /home/gfunkmonk/.pebble-sdk/SDKs/current/sdk-core/pebble/aplite/lib/libpebble.a(tmp7jpKUopebble.o)
                0x0000000000003210                memcpy
 .text.memset   0x000000000000321c        0xc /home/gfunkmonk/.pebble-sdk/SDKs/current/sdk-core/pebble/aplite/lib/libpebble.a(tmp7jpKUopebble.o)
                0x000000000000321c                memset
 .text.menu_cell_basic_draw
                0x0000000000003228        0xc /home/gfunkmonk/.pebble-sdk/SDKs/current/sdk-core/pebble/aplite/lib/libpebble.a(tmp7jpKUopebble.o)
                0x0000000000003228                menu_cell_basic_draw
 .text.menu_layer_destroy
                0x0000000000003234        0xc /home/gfunkmonk/.pebble-sdk/SDKs/current/sdk-core/pebble/aplite/lib/libpebble.a(tmp7jpKUopebble.o)
                0x0000000000003234                menu_layer_destroy
 .text.menu_layer_get_layer
                0x0000000000003240        0xc /home/gfunkmonk/.pebble-sdk/SDKs/current/sdk-core/pebble/aplite/lib/libpebble.a(tmp7jpKUopebble.o)
                0x0000000000003240                menu_layer_get_layer
 .text.menu_layer_get_selected_index
                0x000000000000324c        0xc /home/gfunkmonk/.pebble-sdk/SDKs/current/sdk-core/pebble/aplite/lib/libpebble.a(tmp7jpKUopebble.o)
                0x000000000000324c                menu_layer_get_selected_index
 .text.menu_layer_reload_data
                0x0000000000003258        0xc /home/gfunkmonk/.pebble-sdk/SDKs/current/sdk-core/pebble/aplite/lib/libpebble.a(tmp7jpKUopebble.o)
                0x0000000000003258                menu_layer_reload_data
 .text.menu_layer_set_click_config_onto_window
                0x0000000000003264        0xc /home/gfunkmonk/.pebble-sdk/SDKs/current/sdk-core/pebble/aplite/lib/libpebble.a(tmp7jpKUopebble.o)
                0x0000000000003264                menu_layer_set_click_config_onto_window
 .text.menu_layer_set_selected_index
                0x0000000000003270        0xc /home/gfunkmonk/.pebble-sdk/SDKs/current/sdk-core/pebble/aplite/lib/libpebble.a(tmp7jpKUopebble.o)
                0x0000000000003270                menu_layer_set_selected_index
 .text.resource_get_handle
                0x000000000000327c        0xc /home/gfunkmonk/.pebble-sdk/SDKs/current/sdk-core/pebble/aplite/lib/libpebble.a(tmp7jpKUopebble.o)
                0x000000000000327c                resource_get_handle
 .text.scroll_layer_add_child
                0x0000000000003288        0xc /home/gfunkmonk/.pebble-sdk/SDKs/current/sdk-core/pebble/aplite/lib/libpebble.a(tmp7jpKUopebble.o)
                0x0000000000003288                scroll_layer_add_child
 .text.scroll_layer_create
                0x0000000000003294        0xc /home/gfunkmonk/.pebble-sdk/SDKs/current/sdk-core/pebble/aplite/lib/libpebble.a(tmp7jpKUopebble.o)
                0x0000000000003294                scroll_layer_create
 .text.scroll_layer_destroy
                0x00000000000032a0        0xc /home/gfunkmonk/.pebble-sdk/SDKs/current/sdk-core/pebble/aplite/lib/libpebble.a(tmp7jpKUopebble.o)
                0x00000000000032a0                scroll_layer_destroy
 .text.scroll_layer_get_content_offset
                0x00000000000032ac        0xc /home/gfunkmonk/.pebble-sdk/SDKs/current/sdk-core/pebble/aplite/lib/libpebble.a(tmp7jpKUopebble.o)
                0x00000000000032ac                scroll_layer_get_content_offset
 .text.scroll_layer_get_content_size
                0x00000000000032b8        0xc /home/gfunkmonk/.pebble-sdk/SDKs/current/sdk-core/pebble/aplite/lib/libpebble.a(tmp7jpKUopebble.o)
                0x00000000000032b8                scroll_layer_get_content_size
 .text.scroll_layer_get_layer
                0x00000000000032c4        0xc /home/gfunkmonk/.pebble-sdk/SDKs/current/sdk-core/pebble/aplite/lib/libpebble.a(tmp7jpKUopebble.o)
                0x00000000000032c4                scroll_layer_get_layer
 .text.scroll_layer_set_click_config_onto_window
                0x00000000000032d0        0xc /home/gfunkmonk/.pebble-sdk/SDKs/current/sdk-core/pebble/aplite/lib/libpebble.a(tmp7jpKUopebble.o)
                0x00000000000032d0                scroll_layer_set_click_config_onto_window
 .text.scroll_layer_set_content_offset
                0x00000000000032dc        0xc /home/gfunkmonk/.pebble-sdk/SDKs/current/sdk-core/pebble/aplite/lib/libpebble.a(tmp7jpKUopebble.o)
                0x00000000000032dc                scroll_layer_set_content_offset
 .text.scroll_layer_set_content_size
                0x00000000000032e8        0xc /home/gfunkmonk/.pebble-sdk/SDKs/current/sdk-core/pebble/aplite/lib/libpebble.a(tmp7jpKUopebble.o)
                0x00000000000032e8                scroll_layer_set_content_size
 .text.scroll_layer_set_context
                0x00000000000032f4        0xc /home/gfunkmonk/.pebble-sdk/SDKs/current/sdk-core/pebble/aplite/lib/libpebble.a(tmp7jpKUopebble.o)
                0x00000000000032f4                scroll_layer_set_context
 .text.scroll_layer_set_shadow_hidden
                0x0000000000003300        0xc /home/gfunkmonk/.pebble-sdk/SDKs/current/sdk-core/pebble/aplite/lib/libpebble.a(tmp7jpKUopebble.o)
                0x0000000000003300                scroll_layer_set_shadow_hidden
 .text.sin_lookup
                0x000000000000330c        0xc /home/gfunkmonk/.pebble-sdk/SDKs/current/sdk-core/pebble/aplite/lib/libpebble.a(tmp7jpKUopebble.o)
                0x000000000000330c                sin_lookup
 .text.strftime
                0x0000000000003318        0xc /home/gfunkmonk/.pebble-sdk/SDKs/current/sdk-core/pebble/aplite/lib/libpebble.a(tmp7jpKUopebble.o)
                0x0000000000003318                strftime
 .text.strlen   0x0000000000003324        0xc /home/gfunkmonk/.pebble-sdk/SDKs/current/sdk-core/pebble/aplite/lib/libpebble.a(tmp7jpKUopebble.o)
                0x0000000000003324                strlen
 .text.strncpy  0x0000000000003330        0xc /home/gfunkmonk/.pebble-sdk/SDKs/current/sdk-core/pebble/aplite/lib/libpebble.a(tmp7jpKUopebble.o)
                0x0000000000003330                strncpy
 .text.tick_timer_service_subscribe
                0x000000000000333c        0xc /home/gfunkmonk/.pebble-sdk/SDKs/current/sdk-core/pebble/aplite/lib/libpebble.a(tmp7jpKUopebble.o)
                0x000000000000333c                tick_timer_service_subscribe
 .text.tick_timer_service_unsubscribe
                0x0000000000003348        0xc /home/gfunkmonk/.pebble-sdk/SDKs/current/sdk-core/pebble/aplite/lib/libpebble.a(tmp7jpKUopebble.o)
                0x0000000000003348                tick_timer_service_unsubscribe
 .text.vibes_double_pulse
                0x0000000000003354        0xc /home/gfunkmonk/.pebble-sdk/SDKs/current/sdk-core/pebble/aplite/lib/libpebble.a(tmp7jpKUopebble.o)
                0x0000000000003354                vibes_double_pulse
 .text.vibes_long_pulse
                0x0000000000003360        0xc /home/gfunkmonk/.pebble-sdk/SDKs/current/sdk-core/pebble/aplite/lib/libpebble.a(tmp7jpKUopebble.o)
                0x0000000000003360                vibes_long_pulse
 .text.vibes_short_pulse
                0x000000000000336c        0xc /home/gfunkmonk/.pebble-sdk/SDKs/current/sdk-core/pebble/aplite/lib/libpebble.a(tmp7jpKUopebble.o)
                0x000000000000336c                vibes_short_pulse
 .text.window_create
                0x0000000000003378        0xc /home/gfunkmonk/.pebble-sdk/SDKs/current/sdk-core/pebble/aplite/lib/libpebble.a(tmp7jpKUopebble.o)
                0x0000000000003378                window_create
 .text.window_destroy
                0x0000000000003384        0xc /home/gfunkmonk/.pebble-sdk/SDKs/current/sdk-core/pebble/aplite/lib/libpebble.a(tmp7jpKUopebble.o)
                0x0000000000003384                window_destroy
 .text.window_get_click_config_provider
                0x0000000000003390        0xc /home/gfunkmonk/.pebble-sdk/SDKs/current/sdk-core/pebble/aplite/lib/libpebble.a(tmp7jpKUopebble.o)
                0x0000000000003390                window_get_click_config_provider
 .text.window_get_root_layer
                0x000000000000339c        0xc /home/gfunkmonk/.pebble-sdk/SDKs/current/sdk-core/pebble/aplite/lib/libpebble.a(tmp7jpKUopebble.o)
                0x000000000000339c                window_get_root_layer
 .text.window_set_click_config_provider_with_context
                0x00000000000033a8        0xc /home/gfunkmonk/.pebble-sdk/SDKs/current/sdk-core/pebble/aplite/lib/libpebble.a(tmp7jpKUopebble.o)
                0x00000000000033a8                window_set_click_config_provider_with_context
 .text.window_set_window_handlers
                0x00000000000033b4        0xc /home/gfunkmonk/.pebble-sdk/SDKs/current/sdk-core/pebble/aplite/lib/libpebble.a(tmp7jpKUopebble.o)
                0x00000000000033b4                window_set_window_handlers
 .text.window_stack_get_top_window
                0x00000000000033c0        0xc /home/gfunkmonk/.pebble-sdk/SDKs/current/sdk-core/pebble/aplite/lib/libpebble.a(tmp7jpKUopebble.o)
                0x00000000000033c0                window_stack_get_top_window
 .text.window_stack_pop
                0x00000000000033cc        0xc /home/gfunkmonk/.pebble-sdk/SDKs/current/sdk-core/pebble/aplite/lib/libpebble.a(tmp7jpKUopebble.o)
                0x00000000000033cc                window_stack_pop
 .text.window_stack_pop_all
                0x00000000000033d8        0xc /home/gfunkmonk/.pebble-sdk/SDKs/current/sdk-core/pebble/aplite/lib/libpebble.a(tmp7jpKUopebble.o)
                0x00000000000033d8                window_stack_pop_all
 .text.window_stack_push
                0x00000000000033e4        0xc /home/gfunkmonk/.pebble-sdk/SDKs/current/sdk-core/pebble/aplite/lib/libpebble.a(tmp7jpKUopebble.o)
                0x00000000000033e4                window_stack_push
 .text.window_stack_remove
                0x00000000000033f0        0xc /home/gfunkmonk/.pebble-sdk/SDKs/current/sdk-core/pebble/aplite/lib/libpebble.a(tmp7jpKUopebble.o)
                0x00000000000033f0                window_stack_remove
 .text.window_get_user_data
                0x00000000000033fc        0xc /home/gfunkmonk/.pebble-sdk/SDKs/current/sdk-core/pebble/aplite/lib/libpebble.a(tmp7jpKUopebble.o)
                0x00000000000033fc                window_get_user_data
 .text.window_set_user_data
                0x0000000000003408        0xc /home/gfunkmonk/.pebble-sdk/SDKs/current/sdk-core/pebble/aplite/lib/libpebble.a(tmp7jpKUopebble.o)
                0x0000000000003408                window_set_user_data
 .text.app_message_outbox_begin
                0x0000000000003414        0xc /home/gfunkmonk/.pebble-sdk/SDKs/current/sdk-core/pebble/aplite/lib/libpebble.a(tmp7jpKUopebble.o)
                0x0000000000003414                app_message_outbox_begin
 .text.app_message_outbox_send
                0x0000000000003420        0xc /home/gfunkmonk/.pebble-sdk/SDKs/current/sdk-core/pebble/aplite/lib/libpebble.a(tmp7jpKUopebble.o)
                0x0000000000003420                app_message_outbox_send
 .text.app_message_register_inbox_dropped
                0x000000000000342c        0xc /home/gfunkmonk/.pebble-sdk/SDKs/current/sdk-core/pebble/aplite/lib/libpebble.a(tmp7jpKUopebble.o)
                0x000000000000342c                app_message_register_inbox_dropped
 .text.app_message_register_inbox_received
                0x0000000000003438        0xc /home/gfunkmonk/.pebble-sdk/SDKs/current/sdk-core/pebble/aplite/lib/libpebble.a(tmp7jpKUopebble.o)
                0x0000000000003438                app_message_register_inbox_received
 .text.app_message_register_outbox_failed
                0x0000000000003444        0xc /home/gfunkmonk/.pebble-sdk/SDKs/current/sdk-core/pebble/aplite/lib/libpebble.a(tmp7jpKUopebble.o)
                0x0000000000003444                app_message_register_outbox_failed
 .text.app_message_register_outbox_sent
                0x0000000000003450        0xc /home/gfunkmonk/.pebble-sdk/SDKs/current/sdk-core/pebble/aplite/lib/libpebble.a(tmp7jpKUopebble.o)
                0x0000000000003450                app_message_register_outbox_sent
 .text.app_message_set_context
                0x000000000000345c        0xc /home/gfunkmonk/.pebble-sdk/SDKs/current/sdk-core/pebble/aplite/lib/libpebble.a(tmp7jpKUopebble.o)
                0x000000000000345c                app_message_set_context
 .text.window_long_click_subscribe
                0x0000000000003468        0xc /home/gfunkmonk/.pebble-sdk/SDKs/current/sdk-core/pebble/aplite/lib/libpebble.a(tmp7jpKUopebble.o)
                0x0000000000003468                window_long_click_subscribe
 .text.window_set_click_context
                0x0000000000003474        0xc /home/gfunkmonk/.pebble-sdk/SDKs/current/sdk-core/pebble/aplite/lib/libpebble.a(tmp7jpKUopebble.o)
                0x0000000000003474                window_set_click_context
 .text.window_single_click_subscribe
                0x0000000000003480        0xc /home/gfunkmonk/.pebble-sdk/SDKs/current/sdk-core/pebble/aplite/lib/libpebble.a(tmp7jpKUopebble.o)
                0x0000000000003480                window_single_click_subscribe
 .text.graphics_draw_text
                0x000000000000348c        0xc /home/gfunkmonk/.pebble-sdk/SDKs/current/sdk-core/pebble/aplite/lib/libpebble.a(tmp7jpKUopebble.o)
                0x000000000000348c                graphics_draw_text
 .text.accel_data_service_subscribe
                0x0000000000003498        0xc /home/gfunkmonk/.pebble-sdk/SDKs/current/sdk-core/pebble/aplite/lib/libpebble.a(tmp7jpKUopebble.o)
                0x0000000000003498                accel_data_service_subscribe
 .text.launch_reason
                0x00000000000034a4        0xc /home/gfunkmonk/.pebble-sdk/SDKs/current/sdk-core/pebble/aplite/lib/libpebble.a(tmp7jpKUopebble.o)
                0x00000000000034a4                launch_reason
 .text.wakeup_cancel
                0x00000000000034b0        0xc /home/gfunkmonk/.pebble-sdk/SDKs/current/sdk-core/pebble/aplite/lib/libpebble.a(tmp7jpKUopebble.o)
                0x00000000000034b0                wakeup_cancel
 .text.wakeup_cancel_all
                0x00000000000034bc        0xc /home/gfunkmonk/.pebble-sdk/SDKs/current/sdk-core/pebble/aplite/lib/libpebble.a(tmp7jpKUopebble.o)
                0x00000000000034bc                wakeup_cancel_all
 .text.wakeup_get_launch_event
                0x00000000000034c8        0xc /home/gfunkmonk/.pebble-sdk/SDKs/current/sdk-core/pebble/aplite/lib/libpebble.a(tmp7jpKUopebble.o)
                0x00000000000034c8                wakeup_get_launch_event
 .text.wakeup_schedule
                0x00000000000034d4        0xc /home/gfunkmonk/.pebble-sdk/SDKs/current/sdk-core/pebble/aplite/lib/libpebble.a(tmp7jpKUopebble.o)
                0x00000000000034d4                wakeup_schedule
 .text.wakeup_service_subscribe
                0x00000000000034e0        0xc /home/gfunkmonk/.pebble-sdk/SDKs/current/sdk-core/pebble/aplite/lib/libpebble.a(tmp7jpKUopebble.o)
                0x00000000000034e0                wakeup_service_subscribe
 .text.clock_is_timezone_set
                0x00000000000034ec        0xc /home/gfunkmonk/.pebble-sdk/SDKs/current/sdk-core/pebble/aplite/lib/libpebble.a(tmp7jpKUopebble.o)
                0x00000000000034ec                clock_is_timezone_set
 .text.graphics_context_set_fill_color
                0x00000000000034f8        0xc /home/gfunkmonk/.pebble-sdk/SDKs/current/sdk-core/pebble/aplite/lib/libpebble.a(tmp7jpKUopebble.o)
                0x00000000000034f8                graphics_context_set_fill_color
 .text.graphics_context_set_stroke_color
                0x0000000000003504        0xc /home/gfunkmonk/.pebble-sdk/SDKs/current/sdk-core/pebble/aplite/lib/libpebble.a(tmp7jpKUopebble.o)
                0x0000000000003504                graphics_context_set_stroke_color
 .text.graphics_context_set_text_color
                0x0000000000003510        0xc /home/gfunkmonk/.pebble-sdk/SDKs/current/sdk-core/pebble/aplite/lib/libpebble.a(tmp7jpKUopebble.o)
                0x0000000000003510                graphics_context_set_text_color
 .text.window_set_background_color
                0x000000000000351c        0xc /home/gfunkmonk/.pebble-sdk/SDKs/current/sdk-core/pebble/aplite/lib/libpebble.a(tmp7jpKUopebble.o)
                0x000000000000351c                window_set_background_color
 .text.localtime
                0x0000000000003528        0xc /home/gfunkmonk/.pebble-sdk/SDKs/current/sdk-core/pebble/aplite/lib/libpebble.a(tmp7jpKUopebble.o)
                0x0000000000003528                localtime
 .text.animation_destroy
                0x0000000000003534        0xc /home/gfunkmonk/.pebble-sdk/SDKs/current/sdk-core/pebble/aplite/lib/libpebble.a(tmp7jpKUopebble.o)
                0x0000000000003534                animation_destroy
 .text.animation_schedule
                0x0000000000003540        0xc /home/gfunkmonk/.pebble-sdk/SDKs/current/sdk-core/pebble/aplite/lib/libpebble.a(tmp7jpKUopebble.o)
                0x0000000000003540                animation_schedule
 .text.animation_set_curve
                0x000000000000354c        0xc /home/gfunkmonk/.pebble-sdk/SDKs/current/sdk-core/pebble/aplite/lib/libpebble.a(tmp7jpKUopebble.o)
                0x000000000000354c                animation_set_curve
 .text.animation_set_duration
                0x0000000000003558        0xc /home/gfunkmonk/.pebble-sdk/SDKs/current/sdk-core/pebble/aplite/lib/libpebble.a(tmp7jpKUopebble.o)
                0x0000000000003558                animation_set_duration
 .text.animation_set_handlers
                0x0000000000003564        0xc /home/gfunkmonk/.pebble-sdk/SDKs/current/sdk-core/pebble/aplite/lib/libpebble.a(tmp7jpKUopebble.o)
                0x0000000000003564                animation_set_handlers
 .text.animation_unschedule
                0x0000000000003570        0xc /home/gfunkmonk/.pebble-sdk/SDKs/current/sdk-core/pebble/aplite/lib/libpebble.a(tmp7jpKUopebble.o)
                0x0000000000003570                animation_unschedule
 .text.property_animation_create
                0x000000000000357c        0xc /home/gfunkmonk/.pebble-sdk/SDKs/current/sdk-core/pebble/aplite/lib/libpebble.a(tmp7jpKUopebble.o)
                0x000000000000357c                property_animation_create
 .text.property_animation_destroy
                0x0000000000003588        0xc /home/gfunkmonk/.pebble-sdk/SDKs/current/sdk-core/pebble/aplite/lib/libpebble.a(tmp7jpKUopebble.o)
                0x0000000000003588                property_animation_destroy
 .text.property_animation_from
                0x0000000000003594        0xc /home/gfunkmonk/.pebble-sdk/SDKs/current/sdk-core/pebble/aplite/lib/libpebble.a(tmp7jpKUopebble.o)
                0x0000000000003594                property_animation_from
 .text.property_animation_to
                0x00000000000035a0        0xc /home/gfunkmonk/.pebble-sdk/SDKs/current/sdk-core/pebble/aplite/lib/libpebble.a(tmp7jpKUopebble.o)
                0x00000000000035a0                property_animation_to
 .text.property_animation_update_grect
                0x00000000000035ac        0xc /home/gfunkmonk/.pebble-sdk/SDKs/current/sdk-core/pebble/aplite/lib/libpebble.a(tmp7jpKUopebble.o)
                0x00000000000035ac                property_animation_update_grect
 .text.gbitmap_get_bounds
                0x00000000000035b8        0xc /home/gfunkmonk/.pebble-sdk/SDKs/current/sdk-core/pebble/aplite/lib/libpebble.a(tmp7jpKUopebble.o)
                0x00000000000035b8                gbitmap_get_bounds
 .text.gbitmap_get_format
                0x00000000000035c4        0xc /home/gfunkmonk/.pebble-sdk/SDKs/current/sdk-core/pebble/aplite/lib/libpebble.a(tmp7jpKUopebble.o)
                0x00000000000035c4                gbitmap_get_format
 .text.gbitmap_get_palette
                0x00000000000035d0        0xc /home/gfunkmonk/.pebble-sdk/SDKs/current/sdk-core/pebble/aplite/lib/libpebble.a(tmp7jpKUopebble.o)
                0x00000000000035d0                gbitmap_get_palette
 .text.gbitmap_set_palette
                0x00000000000035dc        0xc /home/gfunkmonk/.pebble-sdk/SDKs/current/sdk-core/pebble/aplite/lib/libpebble.a(tmp7jpKUopebble.o)
                0x00000000000035dc                gbitmap_set_palette
 .text.gbitmap_create_from_png_data
                0x00000000000035e8        0xc /home/gfunkmonk/.pebble-sdk/SDKs/current/sdk-core/pebble/aplite/lib/libpebble.a(tmp7jpKUopebble.o)
                0x00000000000035e8                gbitmap_create_from_png_data
 .text.launch_get_args
                0x00000000000035f4        0xc /home/gfunkmonk/.pebble-sdk/SDKs/current/sdk-core/pebble/aplite/lib/libpebble.a(tmp7jpKUopebble.o)
                0x00000000000035f4                launch_get_args
 .text.menu_layer_create
                0x0000000000003600        0xc /home/gfunkmonk/.pebble-sdk/SDKs/current/sdk-core/pebble/aplite/lib/libpebble.a(tmp7jpKUopebble.o)
                0x0000000000003600                menu_layer_create
 .text.graphics_context_set_antialiased
                0x000000000000360c        0xc /home/gfunkmonk/.pebble-sdk/SDKs/current/sdk-core/pebble/aplite/lib/libpebble.a(tmp7jpKUopebble.o)
                0x000000000000360c                graphics_context_set_antialiased
 .text.graphics_context_set_stroke_width
                0x0000000000003618        0xc /home/gfunkmonk/.pebble-sdk/SDKs/current/sdk-core/pebble/aplite/lib/libpebble.a(tmp7jpKUopebble.o)
                0x0000000000003618                graphics_context_set_stroke_width
 .text.action_bar_layer_add_to_window
                0x0000000000003624        0xc /home/gfunkmonk/.pebble-sdk/SDKs/current/sdk-core/pebble/aplite/lib/libpebble.a(tmp7jpKUopebble.o)
                0x0000000000003624                action_bar_layer_add_to_window
 .text.action_bar_layer_clear_icon
                0x0000000000003630        0xc /home/gfunkmonk/.pebble-sdk/SDKs/current/sdk-core/pebble/aplite/lib/libpebble.a(tmp7jpKUopebble.o)
                0x0000000000003630                action_bar_layer_clear_icon
 .text.action_bar_layer_create
                0x000000000000363c        0xc /home/gfunkmonk/.pebble-sdk/SDKs/current/sdk-core/pebble/aplite/lib/libpebble.a(tmp7jpKUopebble.o)
                0x000000000000363c                action_bar_layer_create
 .text.action_bar_layer_destroy
                0x0000000000003648        0xc /home/gfunkmonk/.pebble-sdk/SDKs/current/sdk-core/pebble/aplite/lib/libpebble.a(tmp7jpKUopebble.o)
                0x0000000000003648                action_bar_layer_destroy
 .text.action_bar_layer_get_layer
                0x0000000000003654        0xc /home/gfunkmonk/.pebble-sdk/SDKs/current/sdk-core/pebble/aplite/lib/libpebble.a(tmp7jpKUopebble.o)
                0x0000000000003654                action_bar_layer_get_layer
 .text.action_bar_layer_remove_from_window
                0x0000000000003660        0xc /home/gfunkmonk/.pebble-sdk/SDKs/current/sdk-core/pebble/aplite/lib/libpebble.a(tmp7jpKUopebble.o)
                0x0000000000003660                action_bar_layer_remove_from_window
 .text.action_bar_layer_set_background_color
                0x000000000000366c        0xc /home/gfunkmonk/.pebble-sdk/SDKs/current/sdk-core/pebble/aplite/lib/libpebble.a(tmp7jpKUopebble.o)
                0x000000000000366c                action_bar_layer_set_background_color
 .text.action_bar_layer_set_click_config_provider
                0x0000000000003678        0xc /home/gfunkmonk/.pebble-sdk/SDKs/current/sdk-core/pebble/aplite/lib/libpebble.a(tmp7jpKUopebble.o)
                0x0000000000003678                action_bar_layer_set_click_config_provider
 .text.action_bar_layer_set_context
                0x0000000000003684        0xc /home/gfunkmonk/.pebble-sdk/SDKs/current/sdk-core/pebble/aplite/lib/libpebble.a(tmp7jpKUopebble.o)
                0x0000000000003684                action_bar_layer_set_context
 .text.action_bar_layer_set_icon
                0x0000000000003690        0xc /home/gfunkmonk/.pebble-sdk/SDKs/current/sdk-core/pebble/aplite/lib/libpebble.a(tmp7jpKUopebble.o)
                0x0000000000003690                action_bar_layer_set_icon
 .text.menu_cell_layer_is_highlighted
                0x000000000000369c        0xc /home/gfunkmonk/.pebble-sdk/SDKs/current/sdk-core/pebble/aplite/lib/libpebble.a(tmp7jpKUopebble.o)
                0x000000000000369c                menu_cell_layer_is_highlighted
 .text.time     0x00000000000036a8        0xc /home/gfunkmonk/.pebble-sdk/SDKs/current/sdk-core/pebble/aplite/lib/libpebble.a(tmp7jpKUopebble.o)
                0x00000000000036a8                time
 .text.menu_layer_set_highlight_colors
                0x00000000000036b4        0xc /home/gfunkmonk/.pebble-sdk/SDKs/current/sdk-core/pebble/aplite/lib/libpebble.a(tmp7jpKUopebble.o)
                0x00000000000036b4                menu_layer_set_highlight_colors
 .text.menu_layer_set_normal_colors
                0x00000000000036c0        0xc /home/gfunkmonk/.pebble-sdk/SDKs/current/sdk-core/pebble/aplite/lib/libpebble.a(tmp7jpKUopebble.o)
                0x00000000000036c0                menu_layer_set_normal_colors
 .text.menu_layer_set_callbacks
                0x00000000000036cc        0xc /home/gfunkmonk/.pebble-sdk/SDKs/current/sdk-core/pebble/aplite/lib/libpebble.a(tmp7jpKUopebble.o)
                0x00000000000036cc                menu_layer_set_callbacks
 .text.status_bar_layer_create
                0x00000000000036d8        0xc /home/gfunkmonk/.pebble-sdk/SDKs/current/sdk-core/pebble/aplite/lib/libpebble.a(tmp7jpKUopebble.o)
                0x00000000000036d8                status_bar_layer_create
 .text.status_bar_layer_destroy
                0x00000000000036e4        0xc /home/gfunkmonk/.pebble-sdk/SDKs/current/sdk-core/pebble/aplite/lib/libpebble.a(tmp7jpKUopebble.o)
                0x00000000000036e4                status_bar_layer_destroy
 .text.status_bar_layer_get_layer
                0x00000000000036f0        0xc /home/gfunkmonk/.pebble-sdk/SDKs/current/sdk-core/pebble/aplite/lib/libpebble.a(tmp7jpKUopebble.o)
                0x00000000000036f0                status_bar_layer_get_layer
 .text.status_bar_layer_set_colors
                0x00000000000036fc        0xc /home/gfunkmonk/.pebble-sdk/SDKs/current/sdk-core/pebble/aplite/lib/libpebble.a(tmp7jpKUopebble.o)
                0x00000000000036fc                status_bar_layer_set_colors
 .text.status_bar_layer_set_separator_mode
                0x0000000000003708        0xc /home/gfunkmonk/.pebble-sdk/SDKs/current/sdk-core/pebble/aplite/lib/libpebble.a(tmp7jpKUopebble.o)
                0x0000000000003708                status_bar_layer_set_separator_mode
 .text.time_ms  0x0000000000003714        0xc /home/gfunkmonk/.pebble-sdk/SDKs/current/sdk-core/pebble/aplite/lib/libpebble.a(tmp7jpKUopebble.o)
                0x0000000000003714                time_ms
 .text.grect_inset
                0x0000000000003720        0xc /home/gfunkmonk/.pebble-sdk/SDKs/current/sdk-core/pebble/aplite/lib/libpebble.a(tmp7jpKUopebble.o)
                0x0000000000003720                grect_inset
 .text.gpoint_from_polar
                0x000000000000372c        0xc /home/gfunkmonk/.pebble-sdk/SDKs/current/sdk-core/pebble/aplite/lib/libpebble.a(tmp7jpKUopebble.o)
                0x000000000000372c                gpoint_from_polar
 .text.graphics_draw_arc
                0x0000000000003738        0xc /home/gfunkmonk/.pebble-sdk/SDKs/current/sdk-core/pebble/aplite/lib/libpebble.a(tmp7jpKUopebble.o)
                0x0000000000003738                graphics_draw_arc
 .text.graphics_fill_radial
                0x0000000000003744        0xc /home/gfunkmonk/.pebble-sdk/SDKs/current/sdk-core/pebble/aplite/lib/libpebble.a(tmp7jpKUopebble.o)
                0x0000000000003744                graphics_fill_radial
 .text.graphics_text_attributes_create
                0x0000000000003750        0xc /home/gfunkmonk/.pebble-sdk/SDKs/current/sdk-core/pebble/aplite/lib/libpebble.a(tmp7jpKUopebble.o)
                0x0000000000003750                graphics_text_attributes_create
 .text.graphics_text_attributes_destroy
                0x000000000000375c        0xc /home/gfunkmonk/.pebble-sdk/SDKs/current/sdk-core/pebble/aplite/lib/libpebble.a(tmp7jpKUopebble.o)
                0x000000000000375c                graphics_text_attributes_destroy
 .text.graphics_text_layout_get_content_size_with_attributes
                0x0000000000003768        0xc /home/gfunkmonk/.pebble-sdk/SDKs/current/sdk-core/pebble/aplite/lib/libpebble.a(tmp7jpKUopebble.o)
                0x0000000000003768                graphics_text_layout_get_content_size_with_attributes
 .text.scroll_layer_set_paging
                0x0000000000003774        0xc /home/gfunkmonk/.pebble-sdk/SDKs/current/sdk-core/pebble/aplite/lib/libpebble.a(tmp7jpKUopebble.o)
                0x0000000000003774                scroll_layer_set_paging
 .text.__udivmoddi4
                0x0000000000003780      0x2b6 /home/gfunkmonk/pebble-dev/pebble-sdk-4.5-linux64/arm-cs-tools/bin/../lib/gcc/arm-none-eabi/7.4.1/libgcc.a(_udivmoddi4.o)
                0x0000000000003780                __udivmoddi4
 *(.rodata)
 *(.rodata*)
 .rodata.prv_free_title.str1.1
                0x0000000000003a36        0x0 src/simply/simply_menu.c.42.o
                                          0x1 (size before relaxing)
 .rodata.prv_menu_draw_header_callback.str1.1
                0x0000000000003a36       0x1b src/simply/simply_menu.c.42.o
 .rodata.simply_msg_show_disconnected.str1.1
                0x0000000000003a51       0x26 src/simply/simply_msg.c.42.o
 .rodata.CSWTCH.20
                0x0000000000003a77        0x7 src/simply/simply_stage.c.42.o
 .rodata.layer_update_callback.str1.1
                0x0000000000003a7e       0x16 src/simply/simply_stage.c.42.o
 .rodata.layer_update_callback.str1.1
                0x0000000000003a94       0x16 src/simply/simply_ui.c.42.o
 .rodata.str1.1
                0x0000000000003aaa       0x67 src/simply/simply_ui.c.42.o

.glue_7         0x0000000000003b14        0x0
 .glue_7        0x0000000000003b14        0x0 linker stubs

.glue_7t        0x0000000000003b14        0x0
 .glue_7t       0x0000000000003b14        0x0 linker stubs

.vfp11_veneer   0x0000000000003b14        0x0
 .vfp11_veneer  0x0000000000003b14        0x0 linker stubs

.v4_bx          0x0000000000003b14        0x0
 .v4_bx         0x0000000000003b14        0x0 linker stubs

.init           0x0000000000003b14        0x4
 .init          0x0000000000003b14        0x4 /home/gfunkmonk/pebble-dev/pebble-sdk-4.5-linux64/arm-cs-tools/bin/../lib/gcc/arm-none-eabi/7.4.1/crti.o
                0x0000000000003b14                _init

.fini           0x0000000000003b18        0x4
 .fini          0x0000000000003b18        0x4 /home/gfunkmonk/pebble-dev/pebble-sdk-4.5-linux64/arm-cs-tools/bin/../lib/gcc/arm-none-eabi/7.4.1/crti.o
                0x0000000000003b18                _fini

.iplt           0x0000000000003b1c        0x0
 .iplt          0x0000000000003b1c        0x0 /home/gfunkmonk/pebble-dev/pebble-sdk-4.5-linux64/arm-cs-tools/bin/../lib/gcc/arm-none-eabi/7.4.1/../../../../arm-none-eabi/lib/crt0.o

.rel.dyn        0x0000000000003b1c        0x0
 .rel.iplt      0x0000000000003b1c        0x0 /home/gfunkmonk/pebble-dev/pebble-sdk-4.5-linux64/arm-cs-tools/bin/../lib/gcc/arm-none-eabi/7.4.1/../../../../arm-none-eabi/lib/crt0.o

.ARM.exidx.text.__udivmoddi4
                0x0000000000003b1c        0x8
 .ARM.exidx.text.__udivmoddi4
                0x0000000000003b1c        0x8 /home/gfunkmonk/pebble-dev/pebble-sdk-4.5-linux64/arm-cs-tools/bin/../lib/gcc/arm-none-eabi/7.4.1/libgcc.a(_udivmoddi4.o)

.data           0x0000000000003b24       0xab
 *(.data)
 .data          0x0000000000003b24        0x0 /home/gfunkmonk/pebble-dev/pebble-sdk-4.5-linux64/arm-cs-tools/bin/../lib/gcc/arm-none-eabi/7.4.1/crti.o
 .data          0x0000000000003b24        0x0 /home/gfunkmonk/pebble-dev/pebble-sdk-4.5-linux64/arm-cs-tools/bin/../lib/gcc/arm-none-eabi/7.4.1/crtbegin.o
 .data          0x0000000000003b24        0x0 /home/gfunkmonk/pebble-dev/pebble-sdk-4.5-linux64/arm-cs-tools/bin/../lib/gcc/arm-none-eabi/7.4.1/../../../../arm-none-eabi/lib/crt0.o
 .data          0x0000000000003b24        0x0 src/main.c.42.o
 .data          0x0000000000003b24        0x0 src/simply/simply.c.42.o
 .data          0x0000000000003b24        0x0 src/simply/simply_accel.c.42.o
 .data          0x0000000000003b24        0x0 src/simply/simply_menu.c.42.o
 .data          0x0000000000003b24        0x0 src/simply/simply_msg.c.42.o
 .data          0x0000000000003b24        0x0 src/simply/simply_res.c.42.o
 .data          0x0000000000003b24        0x0 src/simply/simply_splash.c.42.o
 .data          0x0000000000003b24        0x0 src/simply/simply_stage.c.42.o
 .data          0x0000000000003b24        0x0 src/simply/simply_ui.c.42.o
 .data          0x0000000000003b24        0x0 src/simply/simply_voice.c.42.o
 .data          0x0000000000003b24        0x0 src/simply/simply_wakeup.c.42.o
 .data          0x0000000000003b24        0x0 src/simply/simply_window.c.42.o
 .data          0x0000000000003b24        0x0 src/simply/simply_window_stack.c.42.o
 .data          0x0000000000003b24        0x0 aplite/appinfo.auto.c.42.o
 .data          0x0000000000003b24        0x0 aplite/src/resource_ids.auto.c.42.o
 .data          0x0000000000003b24        0x0 /home/gfunkmonk/.pebble-sdk/SDKs/current/sdk-core/pebble/aplite/lib/libpebble.a(tmp7jpKUopebble.o)
 .data          0x0000000000003b24        0x0 /home/gfunkmonk/pebble-dev/pebble-sdk-4.5-linux64/arm-cs-tools/bin/../lib/gcc/arm-none-eabi/7.4.1/libgcc.a(_aeabi_ldivmod.o)
 .data          0x0000000000003b24        0x0 /home/gfunkmonk/pebble-dev/pebble-sdk-4.5-linux64/arm-cs-tools/bin/../lib/gcc/arm-none-eabi/7.4.1/libgcc.a(_udivmoddi4.o)
 .data          0x0000000000003b24        0x0 /home/gfunkmonk/pebble-dev/pebble-sdk-4.5-linux64/arm-cs-tools/bin/../lib/gcc/arm-none-eabi/7.4.1/libgcc.a(_dvmd_tls.o)
 .data          0x0000000000003b24        0x0 /home/gfunkmonk/pebble-dev/pebble-sdk-4.5-linux64/arm-cs-tools/bin/../lib/gcc/arm-none-eabi/7.4.1/../../../../arm-none-eabi/lib/libc.a(lib_a-atexit.o)
 .data          0x0000000000003b24        0x0 /home/gfunkmonk/pebble-dev/pebble-sdk-4.5-linux64/arm-cs-tools/bin/../lib/gcc/arm-none-eabi/7.4.1/../../../../arm-none-eabi/lib/libc.a(lib_a-exit.o)
 .data          0x0000000000003b24        0x0 /home/gfunkmonk/pebble-dev/pebble-sdk-4.5-linux64/arm-cs-tools/bin/../lib/gcc/arm-none-eabi/7.4.1/../../../../arm-none-eabi/lib/libc.a(lib_a-fini.o)
 .data          0x0000000000003b24        0x0 /home/gfunkmonk/pebble-dev/pebble-sdk-4.5-linux64/arm-cs-tools/bin/../lib/gcc/arm-none-eabi/7.4.1/../../../../arm-none-eabi/lib/libc.a(lib_a-impure.o)
 .data          0x0000000000003b24        0x0 /home/gfunkmonk/pebble-dev/pebble-sdk-4.5-linux64/arm-cs-tools/bin/../lib/gcc/arm-none-eabi/7.4.1/../../../../arm-none-eabi/lib/libc.a(lib_a-init.o)
 .data          0x0000000000003b24        0x0 /home/gfunkmonk/pebble-dev/pebble-sdk-4.5-linux64/arm-cs-tools/bin/../lib/gcc/arm-none-eabi/7.4.1/../../../../arm-none-eabi/lib/libc.a(lib_a-__atexit.o)
 .data          0x0000000000003b24        0x0 /home/gfunkmonk/pebble-dev/pebble-sdk-4.5-linux64/arm-cs-tools/bin/../lib/gcc/arm-none-eabi/7.4.1/../../../../arm-none-eabi/lib/libc.a(lib_a-__call_atexit.o)
 .data          0x0000000000003b24        0x0 /home/gfunkmonk/pebble-dev/pebble-sdk-4.5-linux64/arm-cs-tools/bin/../lib/gcc/arm-none-eabi/7.4.1/crtend.o
 .data          0x0000000000003b24        0x0 /home/gfunkmonk/pebble-dev/pebble-sdk-4.5-linux64/arm-cs-tools/bin/../lib/gcc/arm-none-eabi/7.4.1/crtn.o
 *(.data.*)
 .data.rel.ro.local.s_window_handlers.8535
                0x0000000000003b24       0x10 src/simply/simply_menu.c.42.o
 .data.s_inverted_palette
                0x0000000000003b34        0x2 src/simply/simply_menu.c.42.o
 .data.s_normal_palette
                0x0000000000003b36        0x2 src/simply/simply_menu.c.42.o
 .data.rel.ro.implementation.8450
                0x0000000000003b38       0x14 src/simply/simply_stage.c.42.o
 .data.rel.ro.local.s_window_handlers.8576
                0x0000000000003b4c       0x10 src/simply/simply_stage.c.42.o
 .data.rel.ro.local.STYLES
                0x0000000000003b5c       0x5f src/simply/simply_ui.c.42.o
 *fill*         0x0000000000003bbb        0x1 
 .data.rel.ro.local.s_window_handlers.8317
                0x0000000000003bbc       0x10 src/simply/simply_ui.c.42.o
 .data.s_button_palette
                0x0000000000003bcc        0x2 src/simply/simply_window.c.42.o
 .data.s_broadcast_window
                0x0000000000003bce        0x1 src/simply/simply_window_stack.c.42.o

.igot.plt       0x0000000000003bd0        0x0
 .igot.plt      0x0000000000003bd0        0x0 /home/gfunkmonk/pebble-dev/pebble-sdk-4.5-linux64/arm-cs-tools/bin/../lib/gcc/arm-none-eabi/7.4.1/../../../../arm-none-eabi/lib/crt0.o

.bss            0x0000000000003bd0      0x114
 *(.bss)
 *(.bss.*)
 .bss.s_accel   0x0000000000003bd0        0x4 src/simply/simply_accel.c.42.o
 .bss.s_provider.8091
                0x0000000000003bd4        0x4 src/simply/simply_menu.c.42.o
 .bss.s_has_communicated
                0x0000000000003bd8        0x1 src/simply/simply_msg.c.42.o
 *fill*         0x0000000000003bd9        0x3 
 .bss.s_msg     0x0000000000003bdc        0x4 src/simply/simply_msg.c.42.o
 .bss.time_text.8337
                0x0000000000003be0      0x100 src/simply/simply_stage.c.42.o
 .bss.s_provider.8087
                0x0000000000003ce0        0x4 src/simply/simply_window.c.42.o

DISCARD
 libc.a(*)
 libm.a(*)
 libgcc.a(*)
 *(.eh_frame)
OUTPUT(/home/gfunkmonk/tmp/workmate/build/aplite/pebble-app.elf elf32-littlearm)

.ARM.attributes
                0x0000000000000000       0x2f
 .ARM.attributes
                0x0000000000000000       0x23 /home/gfunkmonk/pebble-dev/pebble-sdk-4.5-linux64/arm-cs-tools/bin/../lib/gcc/arm-none-eabi/7.4.1/crti.o
 .ARM.attributes
                0x0000000000000023       0x33 /home/gfunkmonk/pebble-dev/pebble-sdk-4.5-linux64/arm-cs-tools/bin/../lib/gcc/arm-none-eabi/7.4.1/crtbegin.o
 .ARM.attributes
                0x0000000000000056       0x21 /home/gfunkmonk/pebble-dev/pebble-sdk-4.5-linux64/arm-cs-tools/bin/../lib/gcc/arm-none-eabi/7.4.1/../../../../arm-none-eabi/lib/crt0.o
 .ARM.attributes
                0x0000000000000077       0x33 src/main.c.42.o
 .ARM.attributes
                0x00000000000000aa       0x33 src/simply/simply.c.42.o
 .ARM.attributes
                0x00000000000000dd       0x33 src/simply/simply_accel.c.42.o
 .ARM.attributes
                0x0000000000000110       0x33 src/simply/simply_menu.c.42.o
 .ARM.attributes
                0x0000000000000143       0x33 src/simply/simply_msg.c.42.o
 .ARM.attributes
                0x0000000000000176       0x33 src/simply/simply_res.c.42.o
 .ARM.attributes
                0x00000000000001a9       0x33 src/simply/simply_splash.c.42.o
 .ARM.attributes
                0x00000000000001dc       0x33 src/simply/simply_stage.c.42.o
 .ARM.attributes
                0x000000000000020f       0x33 src/simply/simply_ui.c.42.o
 .ARM.attributes
                0x0000000000000242       0x33 src/simply/simply_voice.c.42.o
 .ARM.attributes
                0x0000000000000275       0x33 src/simply/simply_wakeup.c.42.o
 .ARM.attributes
                0x00000000000002a8       0x33 src/simply/simply_window.c.42.o
 .ARM.attributes
                0x00000000000002db       0x33 src/simply/simply_window_stack.c.42.o
 .ARM.attributes
                0x000000000000030e       0x33 aplite/appinfo.auto.c.42.o
 .ARM.attributes
                0x0000000000000341       0x33 aplite/src/resource_ids.auto.c.42.o
 .ARM.attributes
                0x0000000000000374       0x21 /home/gfunkmonk/.pebble-sdk/SDKs/current/sdk-core/pebble/aplite/lib/libpebble.a(tmp7jpKUopebble.o)
 .ARM.attributes
                0x0000000000000395       0x23 /home/gfunkmonk/pebble-dev/pebble-sdk-4.5-linux64/arm-cs-tools/bin/../lib/gcc/arm-none-eabi/7.4.1/libgcc.a(_aeabi_ldivmod.o)
 .ARM.attributes
                0x00000000000003b8       0x33 /home/gfunkmonk/pebble-dev/pebble-sdk-4.5-linux64/arm-cs-tools/bin/../lib/gcc/arm-none-eabi/7.4.1/libgcc.a(_udivmoddi4.o)
 .ARM.attributes
                0x00000000000003eb       0x23 /home/gfunkmonk/pebble-dev/pebble-sdk-4.5-linux64/arm-cs-tools/bin/../lib/gcc/arm-none-eabi/7.4.1/libgcc.a(_dvmd_tls.o)
 .ARM.attributes
                0x000000000000040e       0x33 /home/gfunkmonk/pebble-dev/pebble-sdk-4.5-linux64/arm-cs-tools/bin/../lib/gcc/arm-none-eabi/7.4.1/../../../../arm-none-eabi/lib/libc.a(lib_a-atexit.o)
 .ARM.attributes
                0x0000000000000441       0x33 /home/gfunkmonk/pebble-dev/pebble-sdk-4.5-linux64/arm-cs-tools/bin/../lib/gcc/arm-none-eabi/7.4.1/../../../../arm-none-eabi/lib/libc.a(lib_a-exit.o)
 .ARM.attributes
                0x0000000000000474       0x33 /home/gfunkmonk/pebble-dev/pebble-sdk-4.5-linux64/arm-cs-tools/bin/../lib/gcc/arm-none-eabi/7.4.1/../../../../arm-none-eabi/lib/libc.a(lib_a-fini.o)
 .ARM.attributes
                0x00000000000004a7       0x33 /home/gfunkmonk/pebble-dev/pebble-sdk-4.5-linux64/arm-cs-tools/bin/../lib/gcc/arm-none-eabi/7.4.1/../../../../arm-none-eabi/lib/libc.a(lib_a-impure.o)
 .ARM.attributes
                0x00000000000004da       0x33 /home/gfunkmonk/pebble-dev/pebble-sdk-4.5-linux64/arm-cs-tools/bin/../lib/gcc/arm-none-eabi/7.4.1/../../../../arm-none-eabi/lib/libc.a(lib_a-init.o)
 .ARM.attributes
                0x000000000000050d       0x33 /home/gfunkmonk/pebble-dev/pebble-sdk-4.5-linux64/arm-cs-tools/bin/../lib/gcc/arm-none-eabi/7.4.1/../../../../arm-none-eabi/lib/libc.a(lib_a-__atexit.o)
 .ARM.attributes
                0x0000000000000540       0x33 /home/gfunkmonk/pebble-dev/pebble-sdk-4.5-linux64/arm-cs-tools/bin/../lib/gcc/arm-none-eabi/7.4.1/../../../../arm-none-eabi/lib/libc.a(lib_a-__call_atexit.o)
 .ARM.attributes
                0x0000000000000573       0x33 /home/gfunkmonk/pebble-dev/pebble-sdk-4.5-linux64/arm-cs-tools/bin/../lib/gcc/arm-none-eabi/7.4.1/crtend.o
 .ARM.attributes
                0x00000000000005a6       0x23 /home/gfunkmonk/pebble-dev/pebble-sdk-4.5-linux64/arm-cs-tools/bin/../lib/gcc/arm-none-eabi/7.4.1/crtn.o

.comment        0x0000000000000000       0x2d
 .comment       0x0000000000000000       0x2d /home/gfunkmonk/pebble-dev/pebble-sdk-4.5-linux64/arm-cs-tools/bin/../lib/gcc/arm-none-eabi/7.4.1/crtbegin.o
                                         0x2e (size before relaxing)
 .comment       0x000000000000002d       0x2e src/main.c.42.o
 .comment       0x000000000000002d       0x2e src/simply/simply.c.42.o
 .comment       0x000000000000002d       0x2e src/simply/simply_accel.c.42.o
 .comment       0x000000000000002d       0x2e src/simply/simply_menu.c.42.o
 .comment       0x000000000000002d       0x2e src/simply/simply_msg.c.42.o
 .comment       0x000000000000002d       0x2e src/simply/simply_res.c.42.o
 .comment       0x000000000000002d       0x2e src/simply/simply_splash.c.42.o
 .comment       0x000000000000002d       0x2e src/simply/simply_stage.c.42.o
 .comment       0x000000000000002d       0x2e src/simply/simply_ui.c.42.o
 .comment       0x000000000000002d       0x2e src/simply/simply_voice.c.42.o
 .comment       0x000000000000002d       0x2e src/simply/simply_wakeup.c.42.o
 .comment       0x000000000000002d       0x2e src/simply/simply_window.c.42.o
 .comment       0x000000000000002d       0x2e src/simply/simply_window_stack.c.42.o
 .comment       0x000000000000002d       0x2e aplite/appinfo.auto.c.42.o
 .comment       0x000000000000002d       0x2e aplite/src/resource_ids.auto.c.42.o
 .comment       0x000000000000002d       0x2e /home/gfunkmonk/pebble-dev/pebble-sdk-4.5-linux64/arm-cs-tools/bin/../lib/gcc/arm-none-eabi/7.4.1/libgcc.a(_udivmoddi4.o)
 .comment       0x000000000000002d       0x2e /home/gfunkmonk/pebble-dev/pebble-sdk-4.5-linux64/arm-cs-tools/bin/../lib/gcc/arm-none-eabi/7.4.1/../../../../arm-none-eabi/lib/libc.a(lib_a-atexit.o)
 .comment       0x000000000000002d       0x2e /home/gfunkmonk/pebble-dev/pebble-sdk-4.5-linux64/arm-cs-tools/bin/../lib/gcc/arm-none-eabi/7.4.1/../../../../arm-none-eabi/lib/libc.a(lib_a-exit.o)
 .comment       0x000000000000002d       0x2e /home/gfunkmonk/pebble-dev/pebble-sdk-4.5-linux64/arm-cs-tools/bin/../lib/gcc/arm-none-eabi/7.4.1/../../../../arm-none-eabi/lib/libc.a(lib_a-fini.o)
 .comment       0x000000000000002d       0x2e /home/gfunkmonk/pebble-dev/pebble-sdk-4.5-linux64/arm-cs-tools/bin/../lib/gcc/arm-none-eabi/7.4.1/../../../../arm-none-eabi/lib/libc.a(lib_a-impure.o)
 .comment       0x000000000000002d       0x2e /home/gfunkmonk/pebble-dev/pebble-sdk-4.5-linux64/arm-cs-tools/bin/../lib/gcc/arm-none-eabi/7.4.1/../../../../arm-none-eabi/lib/libc.a(lib_a-init.o)
 .comment       0x000000000000002d       0x2e /home/gfunkmonk/pebble-dev/pebble-sdk-4.5-linux64/arm-cs-tools/bin/../lib/gcc/arm-none-eabi/7.4.1/../../../../arm-none-eabi/lib/libc.a(lib_a-__atexit.o)
 .comment       0x000000000000002d       0x2e /home/gfunkmonk/pebble-dev/pebble-sdk-4.5-linux64/arm-cs-tools/bin/../lib/gcc/arm-none-eabi/7.4.1/../../../../arm-none-eabi/lib/libc.a(lib_a-__call_atexit.o)
 .comment       0x000000000000002d       0x2e /home/gfunkmonk/pebble-dev/pebble-sdk-4.5-linux64/arm-cs-tools/bin/../lib/gcc/arm-none-eabi/7.4.1/crtend.o

.debug_line     0x0000000000000000     0x4d78
 .debug_line    0x0000000000000000       0x92 /home/gfunkmonk/pebble-dev/pebble-sdk-4.5-linux64/arm-cs-tools/bin/../lib/gcc/arm-none-eabi/7.4.1/../../../../arm-none-eabi/lib/crt0.o
 .debug_line    0x0000000000000092      0x198 src/main.c.42.o
 .debug_line    0x000000000000022a      0x391 src/simply/simply.c.42.o
 .debug_line    0x00000000000005bb      0x3a1 src/simply/simply_accel.c.42.o
 .debug_line    0x000000000000095c      0x93d src/simply/simply_menu.c.42.o
 .debug_line    0x0000000000001299      0x605 src/simply/simply_msg.c.42.o
 .debug_line    0x000000000000189e      0x577 src/simply/simply_res.c.42.o
 .debug_line    0x0000000000001e15      0x2e6 src/simply/simply_splash.c.42.o
 .debug_line    0x00000000000020fb      0x7f0 src/simply/simply_stage.c.42.o
 .debug_line    0x00000000000028eb      0x6b2 src/simply/simply_ui.c.42.o
 .debug_line    0x0000000000002f9d      0x106 src/simply/simply_voice.c.42.o
 .debug_line    0x00000000000030a3      0x34d src/simply/simply_wakeup.c.42.o
 .debug_line    0x00000000000033f0      0x63d src/simply/simply_window.c.42.o
 .debug_line    0x0000000000003a2d      0x421 src/simply/simply_window_stack.c.42.o
 .debug_line    0x0000000000003e4e      0x16e aplite/appinfo.auto.c.42.o
 .debug_line    0x0000000000003fbc      0x116 aplite/src/resource_ids.auto.c.42.o
 .debug_line    0x00000000000040d2       0x8c /home/gfunkmonk/pebble-dev/pebble-sdk-4.5-linux64/arm-cs-tools/bin/../lib/gcc/arm-none-eabi/7.4.1/libgcc.a(_aeabi_ldivmod.o)
 .debug_line    0x000000000000415e      0x268 /home/gfunkmonk/pebble-dev/pebble-sdk-4.5-linux64/arm-cs-tools/bin/../lib/gcc/arm-none-eabi/7.4.1/libgcc.a(_udivmoddi4.o)
 .debug_line    0x00000000000043c6       0x6e /home/gfunkmonk/pebble-dev/pebble-sdk-4.5-linux64/arm-cs-tools/bin/../lib/gcc/arm-none-eabi/7.4.1/libgcc.a(_dvmd_tls.o)
 .debug_line    0x0000000000004434      0x18a /home/gfunkmonk/pebble-dev/pebble-sdk-4.5-linux64/arm-cs-tools/bin/../lib/gcc/arm-none-eabi/7.4.1/../../../../arm-none-eabi/lib/libc.a(lib_a-atexit.o)
 .debug_line    0x00000000000045be      0x19b /home/gfunkmonk/pebble-dev/pebble-sdk-4.5-linux64/arm-cs-tools/bin/../lib/gcc/arm-none-eabi/7.4.1/../../../../arm-none-eabi/lib/libc.a(lib_a-exit.o)
 .debug_line    0x0000000000004759       0xc1 /home/gfunkmonk/pebble-dev/pebble-sdk-4.5-linux64/arm-cs-tools/bin/../lib/gcc/arm-none-eabi/7.4.1/../../../../arm-none-eabi/lib/libc.a(lib_a-fini.o)
 .debug_line    0x000000000000481a      0x117 /home/gfunkmonk/pebble-dev/pebble-sdk-4.5-linux64/arm-cs-tools/bin/../lib/gcc/arm-none-eabi/7.4.1/../../../../arm-none-eabi/lib/libc.a(lib_a-impure.o)
 .debug_line    0x0000000000004931       0xdc /home/gfunkmonk/pebble-dev/pebble-sdk-4.5-linux64/arm-cs-tools/bin/../lib/gcc/arm-none-eabi/7.4.1/../../../../arm-none-eabi/lib/libc.a(lib_a-init.o)
 .debug_line    0x0000000000004a0d      0x1a1 /home/gfunkmonk/pebble-dev/pebble-sdk-4.5-linux64/arm-cs-tools/bin/../lib/gcc/arm-none-eabi/7.4.1/../../../../arm-none-eabi/lib/libc.a(lib_a-__atexit.o)
 .debug_line    0x0000000000004bae      0x1ca /home/gfunkmonk/pebble-dev/pebble-sdk-4.5-linux64/arm-cs-tools/bin/../lib/gcc/arm-none-eabi/7.4.1/../../../../arm-none-eabi/lib/libc.a(lib_a-__call_atexit.o)

.debug_info     0x0000000000000000    0x1d912
 .debug_info    0x0000000000000000       0x26 /home/gfunkmonk/pebble-dev/pebble-sdk-4.5-linux64/arm-cs-tools/bin/../lib/gcc/arm-none-eabi/7.4.1/../../../../arm-none-eabi/lib/crt0.o
 .debug_info    0x0000000000000026      0xa2c src/main.c.42.o
 .debug_info    0x0000000000000a52     0x12e5 src/simply/simply.c.42.o
 .debug_info    0x0000000000001d37     0x143b src/simply/simply_accel.c.42.o
 .debug_info    0x0000000000003172     0x463f src/simply/simply_menu.c.42.o
 .debug_info    0x00000000000077b1     0x282e src/simply/simply_msg.c.42.o
 .debug_info    0x0000000000009fdf     0x1ac1 src/simply/simply_res.c.42.o
 .debug_info    0x000000000000baa0      0xee1 src/simply/simply_splash.c.42.o
 .debug_info    0x000000000000c981     0x470f src/simply/simply_stage.c.42.o
 .debug_info    0x0000000000011090     0x2aea src/simply/simply_ui.c.42.o
 .debug_info    0x0000000000013b7a      0x889 src/simply/simply_voice.c.42.o
 .debug_info    0x0000000000014403     0x12bd src/simply/simply_wakeup.c.42.o
 .debug_info    0x00000000000156c0     0x29f8 src/simply/simply_window.c.42.o
 .debug_info    0x00000000000180b8     0x1759 src/simply/simply_window_stack.c.42.o
 .debug_info    0x0000000000019811      0x2f0 aplite/appinfo.auto.c.42.o
 .debug_info    0x0000000000019b01      0x146 aplite/src/resource_ids.auto.c.42.o
 .debug_info    0x0000000000019c47       0x26 /home/gfunkmonk/pebble-dev/pebble-sdk-4.5-linux64/arm-cs-tools/bin/../lib/gcc/arm-none-eabi/7.4.1/libgcc.a(_aeabi_ldivmod.o)
 .debug_info    0x0000000000019c6d      0xd05 /home/gfunkmonk/pebble-dev/pebble-sdk-4.5-linux64/arm-cs-tools/bin/../lib/gcc/arm-none-eabi/7.4.1/libgcc.a(_udivmoddi4.o)
 .debug_info    0x000000000001a972       0x26 /home/gfunkmonk/pebble-dev/pebble-sdk-4.5-linux64/arm-cs-tools/bin/../lib/gcc/arm-none-eabi/7.4.1/libgcc.a(_dvmd_tls.o)
 .debug_info    0x000000000001a998      0x90c /home/gfunkmonk/pebble-dev/pebble-sdk-4.5-linux64/arm-cs-tools/bin/../lib/gcc/arm-none-eabi/7.4.1/../../../../arm-none-eabi/lib/libc.a(lib_a-atexit.o)
 .debug_info    0x000000000001b2a4      0x941 /home/gfunkmonk/pebble-dev/pebble-sdk-4.5-linux64/arm-cs-tools/bin/../lib/gcc/arm-none-eabi/7.4.1/../../../../arm-none-eabi/lib/libc.a(lib_a-exit.o)
 .debug_info    0x000000000001bbe5       0xef /home/gfunkmonk/pebble-dev/pebble-sdk-4.5-linux64/arm-cs-tools/bin/../lib/gcc/arm-none-eabi/7.4.1/../../../../arm-none-eabi/lib/libc.a(lib_a-fini.o)
 .debug_info    0x000000000001bcd4      0x8a9 /home/gfunkmonk/pebble-dev/pebble-sdk-4.5-linux64/arm-cs-tools/bin/../lib/gcc/arm-none-eabi/7.4.1/../../../../arm-none-eabi/lib/libc.a(lib_a-impure.o)
 .debug_info    0x000000000001c57d      0x109 /home/gfunkmonk/pebble-dev/pebble-sdk-4.5-linux64/arm-cs-tools/bin/../lib/gcc/arm-none-eabi/7.4.1/../../../../arm-none-eabi/lib/libc.a(lib_a-init.o)
 .debug_info    0x000000000001c686      0x935 /home/gfunkmonk/pebble-dev/pebble-sdk-4.5-linux64/arm-cs-tools/bin/../lib/gcc/arm-none-eabi/7.4.1/../../../../arm-none-eabi/lib/libc.a(lib_a-__atexit.o)
 .debug_info    0x000000000001cfbb      0x957 /home/gfunkmonk/pebble-dev/pebble-sdk-4.5-linux64/arm-cs-tools/bin/../lib/gcc/arm-none-eabi/7.4.1/../../../../arm-none-eabi/lib/libc.a(lib_a-__call_atexit.o)

.debug_abbrev   0x0000000000000000     0x4135
 .debug_abbrev  0x0000000000000000       0x14 /home/gfunkmonk/pebble-dev/pebble-sdk-4.5-linux64/arm-cs-tools/bin/../lib/gcc/arm-none-eabi/7.4.1/../../../../arm-none-eabi/lib/crt0.o
 .debug_abbrev  0x0000000000000014      0x204 src/main.c.42.o
 .debug_abbrev  0x0000000000000218      0x2bb src/simply/simply.c.42.o
 .debug_abbrev  0x00000000000004d3      0x39a src/simply/simply_accel.c.42.o
 .debug_abbrev  0x000000000000086d      0x5ce src/simply/simply_menu.c.42.o
 .debug_abbrev  0x0000000000000e3b      0x558 src/simply/simply_msg.c.42.o
 .debug_abbrev  0x0000000000001393      0x451 src/simply/simply_res.c.42.o
 .debug_abbrev  0x00000000000017e4      0x2ce src/simply/simply_splash.c.42.o
 .debug_abbrev  0x0000000000001ab2      0x598 src/simply/simply_stage.c.42.o
 .debug_abbrev  0x000000000000204a      0x51d src/simply/simply_ui.c.42.o
 .debug_abbrev  0x0000000000002567      0x17a src/simply/simply_voice.c.42.o
 .debug_abbrev  0x00000000000026e1      0x34d src/simply/simply_wakeup.c.42.o
 .debug_abbrev  0x0000000000002a2e      0x553 src/simply/simply_window.c.42.o
 .debug_abbrev  0x0000000000002f81      0x3ca src/simply/simply_window_stack.c.42.o
 .debug_abbrev  0x000000000000334b       0xa2 aplite/appinfo.auto.c.42.o
 .debug_abbrev  0x00000000000033ed       0x44 aplite/src/resource_ids.auto.c.42.o
 .debug_abbrev  0x0000000000003431       0x14 /home/gfunkmonk/pebble-dev/pebble-sdk-4.5-linux64/arm-cs-tools/bin/../lib/gcc/arm-none-eabi/7.4.1/libgcc.a(_aeabi_ldivmod.o)
 .debug_abbrev  0x0000000000003445      0x199 /home/gfunkmonk/pebble-dev/pebble-sdk-4.5-linux64/arm-cs-tools/bin/../lib/gcc/arm-none-eabi/7.4.1/libgcc.a(_udivmoddi4.o)
 .debug_abbrev  0x00000000000035de       0x14 /home/gfunkmonk/pebble-dev/pebble-sdk-4.5-linux64/arm-cs-tools/bin/../lib/gcc/arm-none-eabi/7.4.1/libgcc.a(_dvmd_tls.o)
 .debug_abbrev  0x00000000000035f2      0x201 /home/gfunkmonk/pebble-dev/pebble-sdk-4.5-linux64/arm-cs-tools/bin/../lib/gcc/arm-none-eabi/7.4.1/../../../../arm-none-eabi/lib/libc.a(lib_a-atexit.o)
 .debug_abbrev  0x00000000000037f3      0x1f0 /home/gfunkmonk/pebble-dev/pebble-sdk-4.5-linux64/arm-cs-tools/bin/../lib/gcc/arm-none-eabi/7.4.1/../../../../arm-none-eabi/lib/libc.a(lib_a-exit.o)
 .debug_abbrev  0x00000000000039e3       0xbb /home/gfunkmonk/pebble-dev/pebble-sdk-4.5-linux64/arm-cs-tools/bin/../lib/gcc/arm-none-eabi/7.4.1/../../../../arm-none-eabi/lib/libc.a(lib_a-fini.o)
 .debug_abbrev  0x0000000000003a9e      0x192 /home/gfunkmonk/pebble-dev/pebble-sdk-4.5-linux64/arm-cs-tools/bin/../lib/gcc/arm-none-eabi/7.4.1/../../../../arm-none-eabi/lib/libc.a(lib_a-impure.o)
 .debug_abbrev  0x0000000000003c30       0xba /home/gfunkmonk/pebble-dev/pebble-sdk-4.5-linux64/arm-cs-tools/bin/../lib/gcc/arm-none-eabi/7.4.1/../../../../arm-none-eabi/lib/libc.a(lib_a-init.o)
 .debug_abbrev  0x0000000000003cea      0x212 /home/gfunkmonk/pebble-dev/pebble-sdk-4.5-linux64/arm-cs-tools/bin/../lib/gcc/arm-none-eabi/7.4.1/../../../../arm-none-eabi/lib/libc.a(lib_a-__atexit.o)
 .debug_abbrev  0x0000000000003efc      0x239 /home/gfunkmonk/pebble-dev/pebble-sdk-4.5-linux64/arm-cs-tools/bin/../lib/gcc/arm-none-eabi/7.4.1/../../../../arm-none-eabi/lib/libc.a(lib_a-__call_atexit.o)

.debug_aranges  0x0000000000000000      0x770
 .debug_aranges
                0x0000000000000000       0x20 /home/gfunkmonk/pebble-dev/pebble-sdk-4.5-linux64/arm-cs-tools/bin/../lib/gcc/arm-none-eabi/7.4.1/../../../../arm-none-eabi/lib/crt0.o
 .debug_aranges
                0x0000000000000020       0x20 src/main.c.42.o
 .debug_aranges
                0x0000000000000040       0x28 src/simply/simply.c.42.o
 .debug_aranges
                0x0000000000000068       0x50 src/simply/simply_accel.c.42.o
 .debug_aranges
                0x00000000000000b8       0xf8 src/simply/simply_menu.c.42.o
 .debug_aranges
                0x00000000000001b0       0x88 src/simply/simply_msg.c.42.o
 .debug_aranges
                0x0000000000000238       0xa8 src/simply/simply_res.c.42.o
 .debug_aranges
                0x00000000000002e0       0x40 src/simply/simply_splash.c.42.o
 .debug_aranges
                0x0000000000000320       0xc0 src/simply/simply_stage.c.42.o
 .debug_aranges
                0x00000000000003e0       0x98 src/simply/simply_ui.c.42.o
 .debug_aranges
                0x0000000000000478       0x18 src/simply/simply_voice.c.42.o
 .debug_aranges
                0x0000000000000490       0x38 src/simply/simply_wakeup.c.42.o
 .debug_aranges
                0x00000000000004c8       0xd0 src/simply/simply_window.c.42.o
 .debug_aranges
                0x0000000000000598       0x70 src/simply/simply_window_stack.c.42.o
 .debug_aranges
                0x0000000000000608       0x18 aplite/appinfo.auto.c.42.o
 .debug_aranges
                0x0000000000000620       0x18 aplite/src/resource_ids.auto.c.42.o
 .debug_aranges
                0x0000000000000638       0x20 /home/gfunkmonk/pebble-dev/pebble-sdk-4.5-linux64/arm-cs-tools/bin/../lib/gcc/arm-none-eabi/7.4.1/libgcc.a(_aeabi_ldivmod.o)
 .debug_aranges
                0x0000000000000658       0x20 /home/gfunkmonk/pebble-dev/pebble-sdk-4.5-linux64/arm-cs-tools/bin/../lib/gcc/arm-none-eabi/7.4.1/libgcc.a(_udivmoddi4.o)
 .debug_aranges
                0x0000000000000678       0x20 /home/gfunkmonk/pebble-dev/pebble-sdk-4.5-linux64/arm-cs-tools/bin/../lib/gcc/arm-none-eabi/7.4.1/libgcc.a(_dvmd_tls.o)
 .debug_aranges
                0x0000000000000698       0x20 /home/gfunkmonk/pebble-dev/pebble-sdk-4.5-linux64/arm-cs-tools/bin/../lib/gcc/arm-none-eabi/7.4.1/../../../../arm-none-eabi/lib/libc.a(lib_a-atexit.o)
 .debug_aranges
                0x00000000000006b8       0x20 /home/gfunkmonk/pebble-dev/pebble-sdk-4.5-linux64/arm-cs-tools/bin/../lib/gcc/arm-none-eabi/7.4.1/../../../../arm-none-eabi/lib/libc.a(lib_a-exit.o)
 .debug_aranges
                0x00000000000006d8       0x20 /home/gfunkmonk/pebble-dev/pebble-sdk-4.5-linux64/arm-cs-tools/bin/../lib/gcc/arm-none-eabi/7.4.1/../../../../arm-none-eabi/lib/libc.a(lib_a-fini.o)
 .debug_aranges
                0x00000000000006f8       0x18 /home/gfunkmonk/pebble-dev/pebble-sdk-4.5-linux64/arm-cs-tools/bin/../lib/gcc/arm-none-eabi/7.4.1/../../../../arm-none-eabi/lib/libc.a(lib_a-impure.o)
 .debug_aranges
                0x0000000000000710       0x20 /home/gfunkmonk/pebble-dev/pebble-sdk-4.5-linux64/arm-cs-tools/bin/../lib/gcc/arm-none-eabi/7.4.1/../../../../arm-none-eabi/lib/libc.a(lib_a-init.o)
 .debug_aranges
                0x0000000000000730       0x20 /home/gfunkmonk/pebble-dev/pebble-sdk-4.5-linux64/arm-cs-tools/bin/../lib/gcc/arm-none-eabi/7.4.1/../../../../arm-none-eabi/lib/libc.a(lib_a-__atexit.o)
 .debug_aranges
                0x0000000000000750       0x20 /home/gfunkmonk/pebble-dev/pebble-sdk-4.5-linux64/arm-cs-tools/bin/../lib/gcc/arm-none-eabi/7.4.1/../../../../arm-none-eabi/lib/libc.a(lib_a-__call_atexit.o)

.debug_str      0x0000000000000000     0x6b38
 .debug_str     0x0000000000000000       0x99 /home/gfunkmonk/pebble-dev/pebble-sdk-4.5-linux64/arm-cs-tools/bin/../lib/gcc/arm-none-eabi/7.4.1/../../../../arm-none-eabi/lib/crt0.o
 .debug_str     0x0000000000000099      0x5a3 src/main.c.42.o
                                        0x61c (size before relaxing)
 .debug_str     0x000000000000063c      0x4f0 src/simply/simply.c.42.o
                                        0xbd9 (size before relaxing)